      Step     Time          Energy          fmax
FIRE:    0 21:20:10      -47.318694        0.438625
FIRE:    1 21:20:29      -47.323519        0.110399
FIRE:    2 21:20:29      -47.321357        0.308861
FIRE:    3 21:20:29      -47.322219        0.249327
FIRE:    4 21:20:29      -47.323311        0.142197
FIRE:    5 21:20:29      -47.323838        0.008658
FIRE:    6 21:20:29      -47.323424        0.125561
FIRE:    7 21:20:30      -47.323465        0.119641
FIRE:    8 21:20:30      -47.323534        0.108077
FIRE:    9 21:20:30      -47.323624        0.091390
FIRE:   10 21:20:30      -47.323708        0.070376
FIRE:   11 21:20:30      -47.323782        0.045996
FIRE:   12 21:20:30      -47.323833        0.019406
FIRE:   13 21:20:30      -47.323837        0.008138
FIRE:   14 21:20:30      -47.323839        0.008043
FIRE:   15 21:20:30      -47.323839        0.007849
FIRE:   16 21:20:30      -47.323839        0.007567
FIRE:   17 21:20:30      -47.323839        0.007188
FIRE:   18 21:20:31      -47.323840        0.006731
FIRE:   19 21:20:31      -47.323842        0.006191
FIRE:   20 21:20:31      -47.323840        0.005576
FIRE:   21 21:20:31      -47.323841        0.004826
FIRE:   22 21:20:31      -47.323838        0.003904
FIRE:   23 21:20:31      -47.323842        0.002818
FIRE:   24 21:20:31      -47.323842        0.001548
FIRE:   25 21:20:31      -47.323843        0.000109
      Step     Time          Energy          fmax
FIRE:    0 22:20:41      -47.318694        0.438626
FIRE:    1 22:21:01      -47.323519        0.110399
FIRE:    2 22:21:01      -47.321357        0.308861
FIRE:    3 22:21:01      -47.322219        0.249327
FIRE:    4 22:21:01      -47.323311        0.142197
FIRE:    5 22:21:01      -47.323838        0.008658
FIRE:    6 22:21:01      -47.323424        0.125561
FIRE:    7 22:21:01      -47.323464        0.119635
FIRE:    8 22:21:01      -47.323534        0.108077
FIRE:    9 22:21:01      -47.323624        0.091390
FIRE:   10 22:21:01      -47.323709        0.070376
FIRE:   11 22:21:01      -47.323782        0.045997
FIRE:   12 22:21:02      -47.323833        0.019406
FIRE:   13 22:21:02      -47.323837        0.008138
FIRE:   14 22:21:02      -47.323838        0.008043
FIRE:   15 22:21:02      -47.323838        0.007849
FIRE:   16 22:21:02      -47.323839        0.007564
FIRE:   17 22:21:02      -47.323839        0.007188
FIRE:   18 22:21:02      -47.323841        0.006730
FIRE:   19 22:21:02      -47.323841        0.006191
FIRE:   20 22:21:02      -47.323840        0.005570
FIRE:   21 22:21:02      -47.323841        0.004825
FIRE:   22 22:21:02      -47.323838        0.003902
FIRE:   23 22:21:03      -47.323842        0.002818
FIRE:   24 22:21:03      -47.323843        0.001548
FIRE:   25 22:21:03      -47.323843        0.000108
      Step     Time          Energy          fmax
FIRE:    0 22:24:50      -47.318693        2.405220
FIRE:    1 22:24:56      -47.493099        2.295272
FIRE:    2 22:24:56      -47.800292        2.081994
FIRE:    3 22:24:56      -48.191407        1.777034
FIRE:    4 22:24:56      -48.601509        1.397443
FIRE:    5 22:24:56      -48.951565        0.963643
FIRE:    6 22:24:56      -49.190799        0.501119
FIRE:    7 22:24:56      -49.280070        0.254199
FIRE:    8 22:24:56      -49.214332        0.419335
FIRE:    9 22:24:57      -49.216476        0.414416
FIRE:   10 22:24:57      -49.220286        0.404556
FIRE:   11 22:24:57      -49.225121        0.389736
FIRE:   12 22:24:57      -49.230610        0.370055
FIRE:   13 22:24:57      -49.236796        0.345872
FIRE:   14 22:24:57      -49.243801        0.317735
FIRE:   15 22:24:57      -49.251359        0.286108
FIRE:   16 22:24:57      -49.259524        0.247338
FIRE:   17 22:24:57      -49.267311        0.200081
FIRE:   18 22:24:57      -49.274296        0.143918
FIRE:   19 22:24:57      -49.279990        0.079716
FIRE:   20 22:24:58      -49.282090        0.101709
FIRE:   21 22:24:58      -49.282164        0.088323
FIRE:   22 22:24:58      -49.282280        0.063345
FIRE:   23 22:24:58      -49.282372        0.030105
FIRE:   24 22:24:58      -49.282400        0.006962
FIRE:   25 22:24:58      -49.282402        0.006812
FIRE:   26 22:24:58      -49.282402        0.006785
FIRE:   27 22:24:58      -49.282401        0.006745
FIRE:   28 22:24:58      -49.282401        0.006690
FIRE:   29 22:24:58      -49.282404        0.006620
FIRE:   30 22:24:58      -49.282403        0.006535
FIRE:   31 22:24:58      -49.282404        0.006439
FIRE:   32 22:24:59      -49.282403        0.006314
FIRE:   33 22:24:59      -49.282405        0.006150
FIRE:   34 22:24:59      -49.282406        0.005951
FIRE:   35 22:24:59      -49.282403        0.005706
FIRE:   36 22:24:59      -49.282404        0.005412
FIRE:   37 22:24:59      -49.282409        0.005055
FIRE:   38 22:24:59      -49.282409        0.004636
FIRE:   39 22:24:59      -49.282413        0.004136
FIRE:   40 22:24:59      -49.282412        0.003542
FIRE:   41 22:24:59      -49.282416        0.002843
FIRE:   42 22:24:59      -49.282416        0.002370
FIRE:   43 22:25:00      -49.282418        0.001158
FIRE:   44 22:25:00      -49.282419        0.001948
FIRE:   45 22:25:00      -49.282418        0.001758
FIRE:   46 22:25:00      -49.282421        0.001403
FIRE:   47 22:25:00      -49.282420        0.000895
