      Step     Time          Energy          fmax
FIRE:    0 21:19:13      -36.548936        0.587045
FIRE:    1 21:19:23      -36.568520        0.524701
FIRE:    2 21:19:42      -36.599497        0.403431
FIRE:    3 21:19:42      -36.628407        0.231160
FIRE:    4 21:19:42      -36.641818        0.023366
FIRE:    5 21:19:42      -36.632755        0.195332
FIRE:    6 21:19:43      -36.633320        0.189194
FIRE:    7 21:19:43      -36.634378        0.177132
FIRE:    8 21:19:43      -36.635793        0.159551
FIRE:    9 21:19:43      -36.637399        0.137042
FIRE:   10 21:19:43      -36.638991        0.110360
FIRE:   11 21:19:43      -36.640377        0.080387
FIRE:   12 21:19:43      -36.641387        0.048088
FIRE:   13 21:19:43      -36.641923        0.010972
FIRE:   14 21:19:43      -36.641729        0.030074
FIRE:   15 21:19:43      -36.641735        0.029740
FIRE:   16 21:19:43      -36.641744        0.029077
FIRE:   17 21:19:43      -36.641760        0.028091
FIRE:   18 21:19:43      -36.641777        0.026793
FIRE:   19 21:19:44      -36.641797        0.025197
FIRE:   20 21:19:44      -36.641820        0.023320
FIRE:   21 21:19:44      -36.641842        0.021183
FIRE:   22 21:19:44      -36.641867        0.018548
FIRE:   23 21:19:44      -36.641896        0.015345
FIRE:   24 21:19:44      -36.641919        0.011518
FIRE:   25 21:19:44      -36.641941        0.007026
FIRE:   26 21:19:44      -36.641951        0.001881
FIRE:   27 21:19:44      -36.641950        0.003850
FIRE:   28 21:19:44      -36.641950        0.003814
FIRE:   29 21:19:44      -36.641949        0.003746
FIRE:   30 21:19:44      -36.641950        0.003649
FIRE:   31 21:19:44      -36.641950        0.003516
FIRE:   32 21:19:45      -36.641951        0.003352
FIRE:   33 21:19:45      -36.641951        0.003161
FIRE:   34 21:19:45      -36.641950        0.002939
FIRE:   35 21:19:45      -36.641951        0.002669
FIRE:   36 21:19:45      -36.641952        0.002333
FIRE:   37 21:19:45      -36.641950        0.001930
FIRE:   38 21:19:45      -36.641952        0.001449
FIRE:   39 21:19:45      -36.641952        0.000889
      Step     Time          Energy          fmax
FIRE:    0 22:19:45      -36.548935        0.587045
FIRE:    1 22:19:55      -36.568519        0.524701
FIRE:    2 22:20:14      -36.599498        0.403431
FIRE:    3 22:20:14      -36.628407        0.231160
FIRE:    4 22:20:14      -36.641818        0.023366
FIRE:    5 22:20:14      -36.632755        0.195332
FIRE:    6 22:20:14      -36.633321        0.189195
FIRE:    7 22:20:14      -36.634377        0.177132
FIRE:    8 22:20:14      -36.635793        0.159550
FIRE:    9 22:20:14      -36.637399        0.137042
FIRE:   10 22:20:14      -36.638991        0.110359
FIRE:   11 22:20:14      -36.640377        0.080387
FIRE:   12 22:20:15      -36.641387        0.048088
FIRE:   13 22:20:15      -36.641923        0.010972
FIRE:   14 22:20:15      -36.641730        0.030075
FIRE:   15 22:20:15      -36.641735        0.029740
FIRE:   16 22:20:15      -36.641744        0.029077
FIRE:   17 22:20:15      -36.641759        0.028092
FIRE:   18 22:20:15      -36.641777        0.026793
FIRE:   19 22:20:15      -36.641796        0.025197
FIRE:   20 22:20:15      -36.641819        0.023321
FIRE:   21 22:20:15      -36.641842        0.021183
FIRE:   22 22:20:15      -36.641867        0.018548
FIRE:   23 22:20:15      -36.641896        0.015345
FIRE:   24 22:20:16      -36.641920        0.011518
FIRE:   25 22:20:16      -36.641941        0.007027
FIRE:   26 22:20:16      -36.641951        0.001881
FIRE:   27 22:20:16      -36.641950        0.003850
FIRE:   28 22:20:16      -36.641950        0.003815
FIRE:   29 22:20:16      -36.641949        0.003747
FIRE:   30 22:20:16      -36.641949        0.003648
FIRE:   31 22:20:16      -36.641950        0.003517
FIRE:   32 22:20:16      -36.641950        0.003352
FIRE:   33 22:20:16      -36.641951        0.003161
FIRE:   34 22:20:16      -36.641951        0.002939
FIRE:   35 22:20:16      -36.641952        0.002669
FIRE:   36 22:20:16      -36.641952        0.002333
FIRE:   37 22:20:17      -36.641950        0.001930
FIRE:   38 22:20:17      -36.641952        0.001449
FIRE:   39 22:20:17      -36.641952        0.000889
      Step     Time          Energy          fmax
FIRE:    0 22:23:36      -36.548936        1.107913
FIRE:    1 22:23:46      -36.603209        1.013382
FIRE:    2 22:24:05      -36.688223        0.836194
FIRE:    3 22:24:05      -36.768503        0.601070
FIRE:    4 22:24:05      -36.815409        0.337965
FIRE:    5 22:24:05      -36.825859        0.391441
FIRE:    6 22:24:11      -36.828188        0.380314
FIRE:    7 22:24:11      -36.832605        0.358522
FIRE:    8 22:24:11      -36.838655        0.326979
FIRE:    9 22:24:11      -36.845741        0.286974
FIRE:   10 22:24:12      -36.853203        0.240176
FIRE:   11 22:24:12      -36.860411        0.188617
FIRE:   12 22:24:12      -36.866867        0.179696
FIRE:   13 22:24:12      -36.872760        0.194943
FIRE:   14 22:24:12      -36.877688        0.205097
FIRE:   15 22:24:12      -36.881592        0.205062
FIRE:   16 22:24:12      -36.884846        0.190049
FIRE:   17 22:24:12      -36.887949        0.156624
FIRE:   18 22:24:12      -36.891010        0.115136
FIRE:   19 22:24:12      -36.893239        0.092345
FIRE:   20 22:24:12      -36.892884        0.055724
FIRE:   21 22:24:12      -36.892945        0.055547
FIRE:   22 22:24:13      -36.893062        0.055175
FIRE:   23 22:24:13      -36.893228        0.054580
FIRE:   24 22:24:13      -36.893434        0.053720
FIRE:   25 22:24:13      -36.893671        0.052530
FIRE:   26 22:24:13      -36.893928        0.050934
FIRE:   27 22:24:13      -36.894188        0.048842
FIRE:   28 22:24:13      -36.894473        0.045839
FIRE:   29 22:24:13      -36.894768        0.041558
FIRE:   30 22:24:13      -36.895054        0.035535
FIRE:   31 22:24:13      -36.895308        0.027217
FIRE:   32 22:24:13      -36.895489        0.016070
FIRE:   33 22:24:13      -36.895559        0.005406
FIRE:   34 22:24:14      -36.895561        0.005258
FIRE:   35 22:24:14      -36.895562        0.004968
FIRE:   36 22:24:14      -36.895562        0.004546
FIRE:   37 22:24:14      -36.895563        0.004003
FIRE:   38 22:24:14      -36.895565        0.003353
FIRE:   39 22:24:14      -36.895565        0.002615
FIRE:   40 22:24:14      -36.895564        0.001815
FIRE:   41 22:24:14      -36.895566        0.000881
