      Step     Time          Energy          fmax
FIRE:    0 22:34:02    -1678.427142        9.246634
FIRE:    1 22:34:07    -1688.623949        6.354732
FIRE:    2 22:34:07    -1696.228901        4.745822
FIRE:    3 22:34:07    -1701.804037        4.191988
FIRE:    4 22:34:07    -1705.834288        3.859358
FIRE:    5 22:34:07    -1708.770702        3.434847
FIRE:    6 22:34:07    -1711.029587        2.861174
FIRE:    7 22:34:07    -1712.966291        3.550229
FIRE:    8 22:34:07    -1714.881204        3.733684
FIRE:    9 22:34:07    -1716.907403        3.350860
FIRE:   10 22:34:07    -1718.978643        3.355045
FIRE:   11 22:34:07    -1720.906887        3.311182
FIRE:   12 22:34:08    -1722.519291        2.627323
FIRE:   13 22:34:08    -1723.747457        1.724797
FIRE:   14 22:34:08    -1724.638550        1.772403
FIRE:   15 22:34:08    -1725.314604        2.018420
FIRE:   16 22:34:08    -1725.916232        2.063836
FIRE:   17 22:34:08    -1726.535877        1.814021
FIRE:   18 22:34:08    -1727.155319        1.450545
FIRE:   19 22:34:08    -1727.663542        1.182237
FIRE:   20 22:34:08    -1727.983071        1.362989
FIRE:   21 22:34:08    -1728.202177        1.418100
FIRE:   22 22:34:08    -1728.879203        1.126420
FIRE:   23 22:34:08    -1729.179688        0.570611
FIRE:   24 22:34:09    -1729.326941        0.805661
FIRE:   25 22:34:09    -1729.382886        0.690647
FIRE:   26 22:34:09    -1729.465339        0.520763
FIRE:   27 22:34:09    -1729.540840        0.506734
FIRE:   28 22:34:09    -1729.602441        0.510969
FIRE:   29 22:34:09    -1729.672012        0.586137
FIRE:   30 22:34:09    -1729.768207        0.552113
FIRE:   31 22:34:09    -1729.884060        0.462259
FIRE:   32 22:34:09    -1730.006406        0.442400
FIRE:   33 22:34:09    -1730.115941        0.423503
FIRE:   34 22:34:09    -1730.232979        0.391947
FIRE:   35 22:34:09    -1730.376418        0.358107
FIRE:   36 22:34:09    -1730.517044        0.332168
FIRE:   37 22:34:10    -1730.659595        0.376789
FIRE:   38 22:34:10    -1730.829561        0.286688
FIRE:   39 22:34:10    -1731.002825        0.322974
FIRE:   40 22:34:10    -1731.193006        0.287569
FIRE:   41 22:34:10    -1731.372458        0.254268
FIRE:   42 22:34:10    -1731.522429        0.387333
FIRE:   43 22:34:10    -1731.648710        0.257127
FIRE:   44 22:34:10    -1731.762297        0.275854
FIRE:   45 22:34:10    -1731.870640        0.355064
FIRE:   46 22:34:10    -1731.973614        0.398340
FIRE:   47 22:34:10    -1732.071118        0.422550
FIRE:   48 22:34:10    -1732.159442        0.520454
FIRE:   49 22:34:11    -1732.223494        0.758103
FIRE:   50 22:34:11    -1732.242934        0.747666
FIRE:   51 22:34:11    -1732.260676        0.404857
FIRE:   52 22:34:11    -1732.270836        0.136236
FIRE:   53 22:34:11    -1732.271519        0.121816
FIRE:   54 22:34:11    -1732.272818        0.116000
FIRE:   55 22:34:11    -1732.274595        0.113268
FIRE:   56 22:34:11    -1732.276786        0.112209
FIRE:   57 22:34:11    -1732.279340        0.110688
FIRE:   58 22:34:11    -1732.282281        0.108612
FIRE:   59 22:34:11    -1732.285677        0.116039
FIRE:   60 22:34:11    -1732.289994        0.111349
FIRE:   61 22:34:11    -1732.295347        0.106807
FIRE:   62 22:34:12    -1732.301777        0.106323
FIRE:   63 22:34:12    -1732.309347        0.106397
FIRE:   64 22:34:12    -1732.318286        0.106083
FIRE:   65 22:34:12    -1732.328956        0.104069
FIRE:   66 22:34:12    -1732.341384        0.101550
FIRE:   67 22:34:12    -1732.355583        0.099740
FIRE:   68 22:34:12    -1732.372087        0.095581
FIRE:   69 22:34:12    -1732.390844        0.097010
FIRE:   70 22:34:12    -1732.412091        0.100203
FIRE:   71 22:34:12    -1732.435780        0.100865
FIRE:   72 22:34:12    -1732.461893        0.099780
FIRE:   73 22:34:12    -1732.490100        0.100378
FIRE:   74 22:34:13    -1732.520360        0.118437
FIRE:   75 22:34:13    -1732.552203        0.195416
FIRE:   76 22:34:13    -1732.582389        0.423389
FIRE:   77 22:34:13    -1732.597012        0.859286
FIRE:   78 22:34:13    -1732.624888        0.098800
FIRE:   79 22:34:13    -1732.608041        0.739290
FIRE:   80 22:34:13    -1732.616186        0.576021
FIRE:   81 22:34:13    -1732.625766        0.286251
FIRE:   82 22:34:13    -1732.629116        0.098130
FIRE:   83 22:34:13    -1732.629207        0.097871
FIRE:   84 22:34:13    -1732.629377        0.097426
FIRE:   85 22:34:13    -1732.629622        0.096926
FIRE:   86 22:34:14    -1732.629921        0.096509
FIRE:   87 22:34:14    -1732.630285        0.096301
FIRE:   88 22:34:14    -1732.630678        0.096366
FIRE:   89 22:34:14    -1732.631117        0.096660
FIRE:   90 22:34:14    -1732.631668        0.097101
FIRE:   91 22:34:14    -1732.632356        0.097493
FIRE:   92 22:34:14    -1732.633217        0.097546
FIRE:   93 22:34:14    -1732.634322        0.097049
FIRE:   94 22:34:14    -1732.635682        0.096032
FIRE:   95 22:34:14    -1732.637354        0.094896
FIRE:   96 22:34:14    -1732.639344        0.094075
FIRE:   97 22:34:14    -1732.641756        0.093484
FIRE:   98 22:34:14    -1732.644713        0.092598
FIRE:   99 22:34:15    -1732.648274        0.091561
FIRE:  100 22:34:15    -1732.652505        0.090904
FIRE:  101 22:34:15    -1732.657543        0.089445
FIRE:  102 22:34:15    -1732.663551        0.086635
FIRE:  103 22:34:15    -1732.670574        0.084208
FIRE:  104 22:34:15    -1732.678858        0.081318
FIRE:  105 22:34:15    -1732.688460        0.078960
FIRE:  106 22:34:15    -1732.699659        0.074161
FIRE:  107 22:34:15    -1732.712581        0.069772
FIRE:  108 22:34:15    -1732.727461        0.066039
FIRE:  109 22:34:15    -1732.744391        0.072309
FIRE:  110 22:34:15    -1732.762266        0.206202
FIRE:  111 22:34:16    -1732.773896        0.477906
FIRE:  112 22:34:16    -1732.785300        0.048223
FIRE:  113 22:34:16    -1732.778280        0.435016
FIRE:  114 22:34:16    -1732.781845        0.337773
FIRE:  115 22:34:16    -1732.785933        0.166649
FIRE:  116 22:34:16    -1732.787226        0.057157
FIRE:  117 22:34:16    -1732.787279        0.053953
FIRE:  118 22:34:16    -1732.787365        0.049971
FIRE:  119 22:34:16    -1732.787494        0.049412
FIRE:  120 22:34:16    -1732.787651        0.048946
FIRE:  121 22:34:16    -1732.787830        0.048699
FIRE:  122 22:34:16    -1732.788029        0.048757
FIRE:  123 22:34:16    -1732.788241        0.049090
FIRE:  124 22:34:17    -1732.788513        0.049624
FIRE:  125 22:34:17    -1732.788850        0.050192
FIRE:  126 22:34:17    -1732.789284        0.050697
FIRE:  127 22:34:17    -1732.789833        0.050567
FIRE:  128 22:34:17    -1732.790525        0.050325
FIRE:  129 22:34:17    -1732.791362        0.050222
FIRE:  130 22:34:17    -1732.792367        0.050595
FIRE:  131 22:34:17    -1732.793596        0.051211
FIRE:  132 22:34:17    -1732.795127        0.051606
FIRE:  133 22:34:17    -1732.796998        0.052089
FIRE:  134 22:34:17    -1732.799222        0.053155
FIRE:  135 22:34:17    -1732.801938        0.053672
FIRE:  136 22:34:18    -1732.805242        0.053391
FIRE:  137 22:34:18    -1732.809183        0.053419
FIRE:  138 22:34:18    -1732.813939        0.052902
FIRE:  139 22:34:18    -1732.819606        0.052985
FIRE:  140 22:34:18    -1732.826395        0.052528
FIRE:  141 22:34:18    -1732.834473        0.054020
FIRE:  142 22:34:18    -1732.844045        0.055791
FIRE:  143 22:34:18    -1732.855288        0.053536
FIRE:  144 22:34:18    -1732.867592        0.144574
FIRE:  145 22:34:18    -1732.875928        0.388169
FIRE:  146 22:34:18    -1732.883642        0.046659
FIRE:  147 22:34:18    -1732.878726        0.346523
FIRE:  148 22:34:18    -1732.881266        0.263451
FIRE:  149 22:34:19    -1732.884128        0.118928
FIRE:  150 22:34:19    -1732.884918        0.056740
FIRE:  151 22:34:19    -1732.884956        0.053451
FIRE:  152 22:34:19    -1732.885026        0.047053
FIRE:  153 22:34:19    -1732.885120        0.046359
FIRE:  154 22:34:19    -1732.885254        0.046294
FIRE:  155 22:34:19    -1732.885387        0.046396
FIRE:  156 22:34:19    -1732.885527        0.046671
FIRE:  157 22:34:19    -1732.885680        0.047064
FIRE:  158 22:34:19    -1732.885871        0.047503
FIRE:  159 22:34:19    -1732.886093        0.047834
FIRE:  160 22:34:19    -1732.886398        0.047865
FIRE:  161 22:34:20    -1732.886799        0.047483
FIRE:  162 22:34:20    -1732.887289        0.046759
FIRE:  163 22:34:20    -1732.887883        0.045974
FIRE:  164 22:34:20    -1732.888587        0.045422
FIRE:  165 22:34:20    -1732.889462        0.045075
FIRE:  166 22:34:20    -1732.890555        0.044782
FIRE:  167 22:34:20    -1732.891891        0.044796
FIRE:  168 22:34:20    -1732.893486        0.045037
FIRE:  169 22:34:20    -1732.895460        0.044264
FIRE:  170 22:34:20    -1732.897851        0.042515
FIRE:  171 22:34:20    -1732.900726        0.041241
FIRE:  172 22:34:20    -1732.904243        0.040675
FIRE:  173 22:34:21    -1732.908453        0.040103
FIRE:  174 22:34:21    -1732.913523        0.039933
FIRE:  175 22:34:21    -1732.919623        0.039307
FIRE:  176 22:34:21    -1732.926903        0.039717
FIRE:  177 22:34:21    -1732.935559        0.041484
FIRE:  178 22:34:21    -1732.945300        0.113487
FIRE:  179 22:34:21    -1732.952107        0.348893
FIRE:  180 22:34:21    -1732.957853        0.041948
FIRE:  181 22:34:21    -1732.954162        0.311627
FIRE:  182 22:34:21    -1732.956143        0.233954
FIRE:  183 22:34:21    -1732.958337        0.098459
FIRE:  184 22:34:21    -1732.958857        0.062433
FIRE:  185 22:34:21    -1732.958889        0.058777
FIRE:  186 22:34:22    -1732.958954        0.051754
FIRE:  187 22:34:22    -1732.959052        0.043614
FIRE:  188 22:34:22    -1732.959159        0.042959
FIRE:  189 22:34:22    -1732.959272        0.042409
FIRE:  190 22:34:22    -1732.959379        0.042040
FIRE:  191 22:34:22    -1732.959506        0.041861
FIRE:  192 22:34:22    -1732.959649        0.041821
FIRE:  193 22:34:22    -1732.959841        0.041847
FIRE:  194 22:34:22    -1732.960085        0.041856
FIRE:  195 22:34:22    -1732.960417        0.041821
FIRE:  196 22:34:22    -1732.960822        0.041873
FIRE:  197 22:34:22    -1732.961306        0.042189
FIRE:  198 22:34:23    -1732.961887        0.042690
FIRE:  199 22:34:23    -1732.962591        0.042916
FIRE:  200 22:34:23    -1732.963491        0.042535
FIRE:  201 22:34:23    -1732.964591        0.042007
FIRE:  202 22:34:23    -1732.965904        0.041900
FIRE:  203 22:34:23    -1732.967534        0.041988
FIRE:  204 22:34:23    -1732.969518        0.042616
FIRE:  205 22:34:23    -1732.971915        0.043016
FIRE:  206 22:34:23    -1732.974865        0.042426
FIRE:  207 22:34:23    -1732.978411        0.042634
FIRE:  208 22:34:23    -1732.982735        0.043980
FIRE:  209 22:34:23    -1732.987967        0.043346
FIRE:  210 22:34:23    -1732.994291        0.044185
FIRE:  211 22:34:24    -1733.001923        0.044264
FIRE:  212 22:34:24    -1733.011000        0.059992
FIRE:  213 22:34:24    -1733.019883        0.194004
FIRE:  214 22:34:24    -1733.008863        0.699685
FIRE:  215 22:34:24    -1733.033234        0.150222
FIRE:  216 22:34:24    -1733.033947        0.104935
FIRE:  217 22:34:24    -1733.034651        0.043523
FIRE:  218 22:34:24    -1733.034781        0.059345
FIRE:  219 22:34:24    -1733.034819        0.055425
FIRE:  220 22:34:24    -1733.034892        0.047906
FIRE:  221 22:34:24    -1733.035004        0.043422
FIRE:  222 22:34:24    -1733.035112        0.043482
FIRE:  223 22:34:25    -1733.035233        0.043562
FIRE:  224 22:34:25    -1733.035348        0.043656
FIRE:  225 22:34:25    -1733.035471        0.043742
FIRE:  226 22:34:25    -1733.035629        0.043789
FIRE:  227 22:34:25    -1733.035844        0.043791
FIRE:  228 22:34:25    -1733.036128        0.043724
FIRE:  229 22:34:25    -1733.036495        0.043614
FIRE:  230 22:34:25    -1733.036929        0.043502
FIRE:  231 22:34:25    -1733.037439        0.043430
FIRE:  232 22:34:25    -1733.038066        0.043395
FIRE:  233 22:34:25    -1733.038862        0.043387
FIRE:  234 22:34:25    -1733.039844        0.043404
FIRE:  235 22:34:25    -1733.041000        0.043332
FIRE:  236 22:34:26    -1733.042456        0.042995
FIRE:  237 22:34:26    -1733.044226        0.042596
FIRE:  238 22:34:26    -1733.046365        0.042324
FIRE:  239 22:34:26    -1733.048986        0.042147
FIRE:  240 22:34:26    -1733.052152        0.041470
FIRE:  241 22:34:26    -1733.055975        0.040657
FIRE:  242 22:34:26    -1733.060597        0.040330
FIRE:  243 22:34:26    -1733.066148        0.038600
FIRE:  244 22:34:26    -1733.072762        0.039306
FIRE:  245 22:34:26    -1733.080249        0.076756
FIRE:  246 22:34:26    -1733.084929        0.264835
FIRE:  247 22:34:26    -1733.089860        0.033022
FIRE:  248 22:34:27    -1733.089920        0.033073
FIRE:  249 22:34:27    -1733.090033        0.033203
FIRE:  250 22:34:27    -1733.090207        0.033404
FIRE:  251 22:34:27    -1733.090406        0.033600
FIRE:  252 22:34:27    -1733.090678        0.033711
FIRE:  253 22:34:27    -1733.091003        0.033700
FIRE:  254 22:34:27    -1733.091380        0.033625
FIRE:  255 22:34:27    -1733.091863        0.033559
FIRE:  256 22:34:27    -1733.092461        0.033543
FIRE:  257 22:34:27    -1733.093224        0.033558
FIRE:  258 22:34:27    -1733.094172        0.033636
FIRE:  259 22:34:27    -1733.095340        0.033625
FIRE:  260 22:34:27    -1733.096798        0.033323
FIRE:  261 22:34:28    -1733.098584        0.032972
FIRE:  262 22:34:28    -1733.100802        0.032806
FIRE:  263 22:34:28    -1733.103513        0.032633
FIRE:  264 22:34:28    -1733.106823        0.031967
FIRE:  265 22:34:28    -1733.110873        0.031849
FIRE:  266 22:34:28    -1733.115788        0.030898
FIRE:  267 22:34:28    -1733.121693        0.042963
FIRE:  268 22:34:28    -1733.127880        0.149255
FIRE:  269 22:34:28    -1733.125395        0.533555
FIRE:  270 22:34:28    -1733.136871        0.084860
FIRE:  271 22:34:28    -1733.137070        0.059721
FIRE:  272 22:34:28    -1733.137324        0.028117
FIRE:  273 22:34:29    -1733.137469        0.031636
FIRE:  274 22:34:29    -1733.137596        0.061393
FIRE:  275 22:34:29    -1733.137836        0.066847
FIRE:  276 22:34:29    -1733.138235        0.047880
FIRE:  277 22:34:29    -1733.138671        0.027330
FIRE:  278 22:34:29    -1733.139090        0.030345
FIRE:  279 22:34:29    -1733.139616        0.048362
FIRE:  280 22:34:29    -1733.140386        0.029222
FIRE:  281 22:34:29    -1733.141289        0.027182
FIRE:  282 22:34:29    -1733.142329        0.048612
FIRE:  283 22:34:29    -1733.143755        0.027202
FIRE:  284 22:34:29    -1733.145358        0.041206
FIRE:  285 22:34:29    -1733.147463        0.027994
FIRE:  286 22:34:30    -1733.149900        0.052037
FIRE:  287 22:34:30    -1733.152976        0.037635
FIRE:  288 22:34:30    -1733.156722        0.027817
FIRE:  289 22:34:30    -1733.161235        0.029249
FIRE:  290 22:34:30    -1733.166758        0.033537
FIRE:  291 22:34:30    -1733.173081        0.127122
FIRE:  292 22:34:30    -1733.173699        0.566624
FIRE:  293 22:34:30    -1733.181028        0.138231
FIRE:  294 22:34:30    -1733.181331        0.094014
FIRE:  295 22:34:30    -1733.181658        0.030600
FIRE:  296 22:34:30    -1733.181775        0.058366
FIRE:  297 22:34:30    -1733.181803        0.054122
FIRE:  298 22:34:31    -1733.181839        0.046041
FIRE:  299 22:34:31    -1733.181905        0.034899
FIRE:  300 22:34:31    -1733.181965        0.029822
FIRE:  301 22:34:31    -1733.182051        0.029984
FIRE:  302 22:34:31    -1733.182124        0.030160
FIRE:  303 22:34:31    -1733.182214        0.030333
FIRE:  304 22:34:31    -1733.182327        0.030469
FIRE:  305 22:34:31    -1733.182482        0.030551
FIRE:  306 22:34:31    -1733.182676        0.030517
FIRE:  307 22:34:31    -1733.182929        0.030383
FIRE:  308 22:34:31    -1733.183219        0.030195
FIRE:  309 22:34:31    -1733.183579        0.030036
FIRE:  310 22:34:31    -1733.184028        0.029988
FIRE:  311 22:34:32    -1733.184587        0.030077
FIRE:  312 22:34:32    -1733.185271        0.030333
FIRE:  313 22:34:32    -1733.186096        0.030667
FIRE:  314 22:34:32    -1733.187132        0.030748
FIRE:  315 22:34:32    -1733.188385        0.030516
FIRE:  316 22:34:32    -1733.189917        0.030449
FIRE:  317 22:34:32    -1733.191777        0.030821
FIRE:  318 22:34:32    -1733.194051        0.031224
FIRE:  319 22:34:32    -1733.196809        0.030949
FIRE:  320 22:34:32    -1733.200151        0.031335
FIRE:  321 22:34:32    -1733.204193        0.031771
FIRE:  322 22:34:32    -1733.209002        0.049583
FIRE:  323 22:34:33    -1733.214082        0.162631
FIRE:  324 22:34:33    -1733.214551        0.475719
FIRE:  325 22:34:33    -1733.221572        0.045493
FIRE:  326 22:34:33    -1733.221630        0.034523
FIRE:  327 22:34:33    -1733.221740        0.031755
FIRE:  328 22:34:33    -1733.221871        0.031873
FIRE:  329 22:34:33    -1733.222029        0.031966
FIRE:  330 22:34:33    -1733.222234        0.032022
FIRE:  331 22:34:33    -1733.222497        0.032018
FIRE:  332 22:34:33    -1733.222802        0.031982
FIRE:  333 22:34:33    -1733.223178        0.031932
FIRE:  334 22:34:33    -1733.223638        0.031938
FIRE:  335 22:34:33    -1733.224240        0.032022
FIRE:  336 22:34:34    -1733.224978        0.032160
FIRE:  337 22:34:34    -1733.225874        0.032245
FIRE:  338 22:34:34    -1733.227026        0.032144
FIRE:  339 22:34:34    -1733.228419        0.031983
FIRE:  340 22:34:34    -1733.230145        0.032022
FIRE:  341 22:34:34    -1733.232248        0.032039
FIRE:  342 22:34:34    -1733.234837        0.031649
FIRE:  343 22:34:34    -1733.237999        0.031585
FIRE:  344 22:34:34    -1733.241833        0.031023
FIRE:  345 22:34:34    -1733.246393        0.057323
FIRE:  346 22:34:34    -1733.250687        0.213155
FIRE:  347 22:34:34    -1733.244286        0.679610
FIRE:  348 22:34:35    -1733.258011        0.128759
FIRE:  349 22:34:35    -1733.258279        0.092035
FIRE:  350 22:34:35    -1733.258578        0.030057
FIRE:  351 22:34:35    -1733.258687        0.038473
FIRE:  352 22:34:35    -1733.258707        0.035465
FIRE:  353 22:34:35    -1733.258734        0.030057
FIRE:  354 22:34:35    -1733.258779        0.029996
FIRE:  355 22:34:35    -1733.258846        0.029933
FIRE:  356 22:34:35    -1733.258904        0.029870
FIRE:  357 22:34:35    -1733.258963        0.029815
FIRE:  358 22:34:35    -1733.259038        0.029764
FIRE:  359 22:34:35    -1733.259132        0.029740
FIRE:  360 22:34:35    -1733.259249        0.029744
FIRE:  361 22:34:36    -1733.259409        0.029791
FIRE:  362 22:34:36    -1733.259604        0.029867
FIRE:  363 22:34:36    -1733.259839        0.029971
FIRE:  364 22:34:36    -1733.260135        0.030105
FIRE:  365 22:34:36    -1733.260489        0.030201
FIRE:  366 22:34:36    -1733.260939        0.030218
FIRE:  367 22:34:36    -1733.261492        0.030160
FIRE:  368 22:34:36    -1733.262153        0.030110
FIRE:  369 22:34:36    -1733.262975        0.030155
FIRE:  370 22:34:36    -1733.263987        0.030276
FIRE:  371 22:34:36    -1733.265216        0.030378
FIRE:  372 22:34:36    -1733.266723        0.030252
FIRE:  373 22:34:37    -1733.268552        0.030107
FIRE:  374 22:34:37    -1733.270771        0.030179
FIRE:  375 22:34:37    -1733.273471        0.029910
FIRE:  376 22:34:37    -1733.276737        0.029511
FIRE:  377 22:34:37    -1733.280693        0.029469
FIRE:  378 22:34:37    -1733.285244        0.091753
FIRE:  379 22:34:37    -1733.288639        0.280151
FIRE:  380 22:34:37    -1733.291134        0.027835
FIRE:  381 22:34:37    -1733.289551        0.260825
FIRE:  382 22:34:37    -1733.290440        0.195979
FIRE:  383 22:34:37    -1733.291403        0.082801
FIRE:  384 22:34:37    -1733.291611        0.049557
FIRE:  385 22:34:37    -1733.291636        0.046209
FIRE:  386 22:34:38    -1733.291671        0.039806
FIRE:  387 22:34:38    -1733.291721        0.030736
FIRE:  388 22:34:38    -1733.291763        0.028143
FIRE:  389 22:34:38    -1733.291818        0.028051
FIRE:  390 22:34:38    -1733.291881        0.027962
FIRE:  391 22:34:38    -1733.291936        0.027882
FIRE:  392 22:34:38    -1733.292008        0.027825
FIRE:  393 22:34:38    -1733.292098        0.031690
FIRE:  394 22:34:38    -1733.292225        0.032392
FIRE:  395 22:34:38    -1733.292386        0.027850
FIRE:  396 22:34:38    -1733.292582        0.027951
FIRE:  397 22:34:38    -1733.292819        0.028088
FIRE:  398 22:34:39    -1733.293104        0.028211
FIRE:  399 22:34:39    -1733.293456        0.028280
FIRE:  400 22:34:39    -1733.293908        0.028238
FIRE:  401 22:34:39    -1733.294447        0.028108
FIRE:  402 22:34:39    -1733.295087        0.027984
FIRE:  403 22:34:39    -1733.295903        0.027995
FIRE:  404 22:34:39    -1733.296871        0.028087
FIRE:  405 22:34:39    -1733.298066        0.028053
FIRE:  406 22:34:39    -1733.299523        0.027686
FIRE:  407 22:34:39    -1733.301298        0.027344
FIRE:  408 22:34:39    -1733.303445        0.027253
FIRE:  409 22:34:39    -1733.306050        0.026530
FIRE:  410 22:34:39    -1733.309216        0.025879
FIRE:  411 22:34:40    -1733.313022        0.025362
FIRE:  412 22:34:40    -1733.317619        0.031586
FIRE:  413 22:34:40    -1733.322381        0.158427
FIRE:  414 22:34:40    -1733.317936        0.596671
FIRE:  415 22:34:40    -1733.328747        0.166137
FIRE:  416 22:34:40    -1733.329228        0.115050
FIRE:  417 22:34:40    -1733.329679        0.029670
FIRE:  418 22:34:40    -1733.329687        0.060952
FIRE:  419 22:34:40    -1733.329718        0.055807
FIRE:  420 22:34:40    -1733.329777        0.046011
FIRE:  421 22:34:40    -1733.329840        0.032432
FIRE:  422 22:34:40    -1733.329909        0.025669
FIRE:  423 22:34:41    -1733.329978        0.024886
FIRE:  424 22:34:41    -1733.330033        0.024453
FIRE:  425 22:34:41    -1733.330100        0.030570
FIRE:  426 22:34:41    -1733.330175        0.038688
FIRE:  427 22:34:41    -1733.330280        0.040655
FIRE:  428 22:34:41    -1733.330429        0.034878
FIRE:  429 22:34:41    -1733.330621        0.024115
FIRE:  430 22:34:41    -1733.330841        0.024490
FIRE:  431 22:34:41    -1733.331104        0.025183
FIRE:  432 22:34:41    -1733.331424        0.026562
FIRE:  433 22:34:41    -1733.331840        0.024728
FIRE:  434 22:34:41    -1733.332339        0.023628
FIRE:  435 22:34:42    -1733.332930        0.028958
FIRE:  436 22:34:42    -1733.333683        0.024200
FIRE:  437 22:34:42    -1733.334590        0.023734
FIRE:  438 22:34:42    -1733.335684        0.024628
FIRE:  439 22:34:42    -1733.337032        0.023067
FIRE:  440 22:34:42    -1733.338663        0.024189
FIRE:  441 22:34:42    -1733.340637        0.025568
FIRE:  442 22:34:42    -1733.343036        0.024225
FIRE:  443 22:34:42    -1733.345941        0.023178
FIRE:  444 22:34:42    -1733.349452        0.025512
FIRE:  445 22:34:42    -1733.353526        0.064394
FIRE:  446 22:34:42    -1733.356283        0.256468
FIRE:  447 22:34:42    -1733.358766        0.024534
FIRE:  448 22:34:43    -1733.358817        0.024085
FIRE:  449 22:34:43    -1733.358877        0.023463
FIRE:  450 22:34:43    -1733.358971        0.022978
FIRE:  451 22:34:43    -1733.359090        0.023027
FIRE:  452 22:34:43    -1733.359243        0.023500
FIRE:  453 22:34:43    -1733.359444        0.022699
FIRE:  454 22:34:43    -1733.359655        0.022837
FIRE:  455 22:34:43    -1733.359931        0.023198
FIRE:  456 22:34:43    -1733.360292        0.023418
FIRE:  457 22:34:43    -1733.360731        0.023050
FIRE:  458 22:34:43    -1733.361284        0.022397
FIRE:  459 22:34:43    -1733.361968        0.022632
FIRE:  460 22:34:44    -1733.362814        0.022243
FIRE:  461 22:34:44    -1733.363869        0.022784
FIRE:  462 22:34:44    -1733.365167        0.022121
FIRE:  463 22:34:44    -1733.366754        0.022423
FIRE:  464 22:34:44    -1733.368707        0.022747
FIRE:  465 22:34:44    -1733.371100        0.022737
FIRE:  466 22:34:44    -1733.373992        0.023371
FIRE:  467 22:34:44    -1733.377391        0.069302
FIRE:  468 22:34:44    -1733.380286        0.203735
FIRE:  469 22:34:44    -1733.372927        0.655967
FIRE:  470 22:34:44    -1733.386009        0.115339
FIRE:  471 22:34:44    -1733.386275        0.080098
FIRE:  472 22:34:45    -1733.386543        0.023640
FIRE:  473 22:34:45    -1733.386619        0.045263
FIRE:  474 22:34:45    -1733.386631        0.042295
FIRE:  475 22:34:45    -1733.386663        0.036650
FIRE:  476 22:34:45    -1733.386696        0.028782
FIRE:  477 22:34:45    -1733.386745        0.022887
FIRE:  478 22:34:45    -1733.386792        0.021596
FIRE:  479 22:34:45    -1733.386846        0.021912
FIRE:  480 22:34:45    -1733.386887        0.022268
FIRE:  481 22:34:45    -1733.386962        0.022729
FIRE:  482 22:34:45    -1733.387050        0.023141
FIRE:  483 22:34:45    -1733.387167        0.022709
FIRE:  484 22:34:46    -1733.387317        0.022037
FIRE:  485 22:34:46    -1733.387490        0.021513
FIRE:  486 22:34:46    -1733.387700        0.022225
FIRE:  487 22:34:46    -1733.387974        0.023323
FIRE:  488 22:34:46    -1733.388309        0.022585
FIRE:  489 22:34:46    -1733.388712        0.021215
FIRE:  490 22:34:46    -1733.389208        0.021697
FIRE:  491 22:34:46    -1733.389821        0.021590
FIRE:  492 22:34:46    -1733.390562        0.021131
FIRE:  493 22:34:46    -1733.391474        0.022500
FIRE:  494 22:34:46    -1733.392591        0.020848
FIRE:  495 22:34:46    -1733.393929        0.021374
FIRE:  496 22:34:46    -1733.395569        0.021703
FIRE:  497 22:34:47    -1733.397548        0.020756
FIRE:  498 22:34:47    -1733.399952        0.021109
FIRE:  499 22:34:47    -1733.402820        0.032844
FIRE:  500 22:34:47    -1733.406041        0.084383
FIRE:  501 22:34:47    -1733.408003        0.269933
FIRE:  502 22:34:47    -1733.410354        0.020682
FIRE:  503 22:34:47    -1733.408775        0.235916
FIRE:  504 22:34:47    -1733.409616        0.175011
FIRE:  505 22:34:47    -1733.410518        0.068892
FIRE:  506 22:34:47    -1733.410688        0.055463
FIRE:  507 22:34:47    -1733.410702        0.052253
FIRE:  508 22:34:47    -1733.410732        0.046094
FIRE:  509 22:34:48    -1733.410765        0.037396
FIRE:  510 22:34:48    -1733.410810        0.026886
FIRE:  511 22:34:48    -1733.410863        0.020326
FIRE:  512 22:34:48    -1733.410898        0.020377
FIRE:  513 22:34:48    -1733.410939        0.020792
FIRE:  514 22:34:48    -1733.410987        0.021254
FIRE:  515 22:34:48    -1733.411062        0.023128
FIRE:  516 22:34:48    -1733.411146        0.023576
FIRE:  517 22:34:48    -1733.411257        0.021214
FIRE:  518 22:34:48    -1733.411402        0.020565
FIRE:  519 22:34:48    -1733.411577        0.019989
FIRE:  520 22:34:48    -1733.411770        0.021924
FIRE:  521 22:34:49    -1733.412013        0.026071
FIRE:  522 22:34:49    -1733.412341        0.020782
FIRE:  523 22:34:49    -1733.412732        0.019958
FIRE:  524 22:34:49    -1733.413173        0.020518
FIRE:  525 22:34:49    -1733.413759        0.020077
FIRE:  526 22:34:49    -1733.414448        0.020057
FIRE:  527 22:34:49    -1733.415287        0.021354
FIRE:  528 22:34:49    -1733.416317        0.019431
FIRE:  529 22:34:49    -1733.417555        0.019574
FIRE:  530 22:34:49    -1733.419064        0.023901
FIRE:  531 22:34:49    -1733.420881        0.019050
FIRE:  532 22:34:49    -1733.423074        0.018782
FIRE:  533 22:34:49    -1733.425724        0.018357
FIRE:  534 22:34:50    -1733.428916        0.017879
FIRE:  535 22:34:50    -1733.432691        0.050085
FIRE:  536 22:34:50    -1733.435341        0.251730
FIRE:  537 22:34:50    -1733.437208        0.065159
FIRE:  538 22:34:50    -1733.437293        0.045260
FIRE:  539 22:34:50    -1733.437399        0.017491
FIRE:  540 22:34:50    -1733.437466        0.024497
FIRE:  541 22:34:50    -1733.437542        0.044615
FIRE:  542 22:34:50    -1733.437667        0.044816
FIRE:  543 22:34:50    -1733.437852        0.026544
FIRE:  544 22:34:50    -1733.438055        0.017236
FIRE:  545 22:34:50    -1733.438270        0.031839
FIRE:  546 22:34:51    -1733.438534        0.037384
FIRE:  547 22:34:51    -1733.438923        0.017793
FIRE:  548 22:34:51    -1733.439351        0.025198
FIRE:  549 22:34:51    -1733.439885        0.029000
FIRE:  550 22:34:51    -1733.440579        0.017220
FIRE:  551 22:34:51    -1733.441383        0.030427
FIRE:  552 22:34:51    -1733.442416        0.019828
FIRE:  553 22:34:51    -1733.443661        0.017067
FIRE:  554 22:34:51    -1733.445145        0.037935
FIRE:  555 22:34:51    -1733.446918        0.057279
FIRE:  556 22:34:51    -1733.448920        0.100631
FIRE:  557 22:34:51    -1733.450533        0.213861
FIRE:  558 22:34:51    -1733.451769        0.016550
FIRE:  559 22:34:52    -1733.451057        0.188345
FIRE:  560 22:34:52    -1733.451447        0.144340
FIRE:  561 22:34:52    -1733.451893        0.066905
FIRE:  562 22:34:52    -1733.452038        0.026464
FIRE:  563 22:34:52    -1733.452051        0.024972
FIRE:  564 22:34:52    -1733.452059        0.022083
FIRE:  565 22:34:52    -1733.452079        0.018074
FIRE:  566 22:34:52    -1733.452103        0.016811
FIRE:  567 22:34:52    -1733.452128        0.016694
FIRE:  568 22:34:52    -1733.452159        0.016597
FIRE:  569 22:34:52    -1733.452184        0.016542
FIRE:  570 22:34:52    -1733.452232        0.016509
FIRE:  571 22:34:52    -1733.452275        0.016492
FIRE:  572 22:34:53    -1733.452343        0.016489
FIRE:  573 22:34:53    -1733.452424        0.016490
FIRE:  574 22:34:53    -1733.452525        0.016516
FIRE:  575 22:34:53    -1733.452651        0.016597
FIRE:  576 22:34:53    -1733.452799        0.016701
FIRE:  577 22:34:53    -1733.452991        0.016737
FIRE:  578 22:34:53    -1733.453225        0.016631
FIRE:  579 22:34:53    -1733.453502        0.016472
FIRE:  580 22:34:53    -1733.453853        0.016381
FIRE:  581 22:34:53    -1733.454282        0.016377
FIRE:  582 22:34:53    -1733.454806        0.016475
FIRE:  583 22:34:53    -1733.455443        0.016492
FIRE:  584 22:34:54    -1733.456218        0.016206
FIRE:  585 22:34:54    -1733.457154        0.016088
FIRE:  586 22:34:54    -1733.458297        0.016265
FIRE:  587 22:34:54    -1733.459684        0.015866
FIRE:  588 22:34:54    -1733.461359        0.015747
FIRE:  589 22:34:54    -1733.463368        0.023219
FIRE:  590 22:34:54    -1733.465659        0.069796
FIRE:  591 22:34:54    -1733.467524        0.204080
FIRE:  592 22:34:54    -1733.468630        0.014855
FIRE:  593 22:34:54    -1733.467978        0.183534
FIRE:  594 22:34:54    -1733.468341        0.139171
FIRE:  595 22:34:54    -1733.468764        0.061444
FIRE:  596 22:34:54    -1733.468881        0.031063
FIRE:  597 22:34:55    -1733.468892        0.029200
FIRE:  598 22:34:55    -1733.468912        0.025607
FIRE:  599 22:34:55    -1733.468928        0.020592
FIRE:  600 22:34:55    -1733.468948        0.016184
FIRE:  601 22:34:55    -1733.468974        0.015032
FIRE:  602 22:34:55    -1733.469003        0.014894
FIRE:  603 22:34:55    -1733.469027        0.014808
FIRE:  604 22:34:55    -1733.469074        0.014772
FIRE:  605 22:34:55    -1733.469118        0.017601
FIRE:  606 22:34:55    -1733.469172        0.018462
FIRE:  607 22:34:55    -1733.469244        0.016072
FIRE:  608 22:34:55    -1733.469345        0.014794
FIRE:  609 22:34:56    -1733.469467        0.014912
FIRE:  610 22:34:56    -1733.469597        0.015080
FIRE:  611 22:34:56    -1733.469770        0.015509
FIRE:  612 22:34:56    -1733.469991        0.014984
FIRE:  613 22:34:56    -1733.470260        0.014743
FIRE:  614 22:34:56    -1733.470584        0.014641
FIRE:  615 22:34:56    -1733.470980        0.014632
FIRE:  616 22:34:56    -1733.471463        0.014813
FIRE:  617 22:34:56    -1733.472060        0.014817
FIRE:  618 22:34:56    -1733.472781        0.014431
FIRE:  619 22:34:56    -1733.473648        0.014314
FIRE:  620 22:34:56    -1733.474712        0.014621
FIRE:  621 22:34:56    -1733.475997        0.014018
FIRE:  622 22:34:57    -1733.477557        0.014104
FIRE:  623 22:34:57    -1733.479433        0.014891
FIRE:  624 22:34:57    -1733.481623        0.046592
FIRE:  625 22:34:57    -1733.483522        0.156916
FIRE:  626 22:34:57    -1733.478870        0.520434
FIRE:  627 22:34:57    -1733.487016        0.112218
FIRE:  628 22:34:57    -1733.487227        0.077922
FIRE:  629 22:34:57    -1733.487420        0.020483
FIRE:  630 22:34:57    -1733.487453        0.042918
FIRE:  631 22:34:57    -1733.487464        0.039800
FIRE:  632 22:34:57    -1733.487487        0.033843
FIRE:  633 22:34:57    -1733.487519        0.025606
FIRE:  634 22:34:58    -1733.487548        0.016062
FIRE:  635 22:34:58    -1733.487574        0.012859
FIRE:  636 22:34:58    -1733.487599        0.013481
FIRE:  637 22:34:58    -1733.487633        0.016393
FIRE:  638 22:34:58    -1733.487670        0.020603
FIRE:  639 22:34:58    -1733.487727        0.022408
FIRE:  640 22:34:58    -1733.487795        0.019598
FIRE:  641 22:34:58    -1733.487885        0.014920
FIRE:  642 22:34:58    -1733.487994        0.012929
FIRE:  643 22:34:58    -1733.488113        0.014619
FIRE:  644 22:34:58    -1733.488263        0.019871
FIRE:  645 22:34:58    -1733.488460        0.015463
FIRE:  646 22:34:58    -1733.488711        0.012988
FIRE:  647 22:34:59    -1733.488999        0.015915
FIRE:  648 22:34:59    -1733.489350        0.015033
FIRE:  649 22:34:59    -1733.489797        0.012980
FIRE:  650 22:34:59    -1733.490323        0.016814
FIRE:  651 22:34:59    -1733.490966        0.012923
FIRE:  652 22:34:59    -1733.491752        0.015349
FIRE:  653 22:34:59    -1733.492703        0.015955
FIRE:  654 22:34:59    -1733.493872        0.012937
FIRE:  655 22:34:59    -1733.495276        0.012748
FIRE:  656 22:34:59    -1733.496960        0.022736
FIRE:  657 22:34:59    -1733.498848        0.070858
FIRE:  658 22:34:59    -1733.499909        0.211890
FIRE:  659 22:35:00    -1733.501404        0.012716
FIRE:  660 22:35:00    -1733.501418        0.012558
FIRE:  661 22:35:00    -1733.501448        0.012522
FIRE:  662 22:35:00    -1733.501501        0.012515
FIRE:  663 22:35:00    -1733.501554        0.012520
FIRE:  664 22:35:00    -1733.501628        0.012526
FIRE:  665 22:35:00    -1733.501717        0.012541
FIRE:  666 22:35:00    -1733.501818        0.012554
FIRE:  667 22:35:00    -1733.501950        0.012572
FIRE:  668 22:35:00    -1733.502114        0.012587
FIRE:  669 22:35:00    -1733.502313        0.012583
FIRE:  670 22:35:00    -1733.502573        0.012565
FIRE:  671 22:35:01    -1733.502903        0.012551
FIRE:  672 22:35:01    -1733.503299        0.012543
FIRE:  673 22:35:01    -1733.503797        0.012536
FIRE:  674 22:35:01    -1733.504397        0.012484
FIRE:  675 22:35:01    -1733.505138        0.012423
FIRE:  676 22:35:01    -1733.506061        0.012401
FIRE:  677 22:35:01    -1733.507175        0.012292
FIRE:  678 22:35:01    -1733.508532        0.012342
FIRE:  679 22:35:01    -1733.510195        0.012084
FIRE:  680 22:35:01    -1733.512180        0.019073
FIRE:  681 22:35:01    -1733.514222        0.100572
FIRE:  682 22:35:01    -1733.510400        0.443662
FIRE:  683 22:35:02    -1733.516399        0.169469
FIRE:  684 22:35:02    -1733.516970        0.111431
FIRE:  685 22:35:02    -1733.517402        0.016555
FIRE:  686 22:35:02    -1733.517256        0.081007
FIRE:  687 22:35:02    -1733.517290        0.073992
FIRE:  688 22:35:02    -1733.517360        0.060586
FIRE:  689 22:35:02    -1733.517443        0.042062
FIRE:  690 22:35:02    -1733.517497        0.020765
FIRE:  691 22:35:02    -1733.517543        0.012180
FIRE:  692 22:35:02    -1733.517558        0.024968
FIRE:  693 22:35:02    -1733.517561        0.039180
FIRE:  694 22:35:02    -1733.517568        0.038377
FIRE:  695 22:35:02    -1733.517566        0.036793
FIRE:  696 22:35:03    -1733.517581        0.034474
FIRE:  697 22:35:03    -1733.517590        0.031464
FIRE:  698 22:35:03    -1733.517598        0.027869
FIRE:  699 22:35:03    -1733.517616        0.023799
FIRE:  700 22:35:03    -1733.517631        0.019425
FIRE:  701 22:35:03    -1733.517639        0.014476
FIRE:  702 22:35:03    -1733.517658        0.012094
FIRE:  703 22:35:03    -1733.517685        0.012676
FIRE:  704 22:35:03    -1733.517697        0.014693
FIRE:  705 22:35:03    -1733.517716        0.017172
FIRE:  706 22:35:03    -1733.517747        0.019234
FIRE:  707 22:35:03    -1733.517794        0.020082
FIRE:  708 22:35:04    -1733.517830        0.019270
FIRE:  709 22:35:04    -1733.517893        0.016762
FIRE:  710 22:35:04    -1733.517960        0.013541
FIRE:  711 22:35:04    -1733.518058        0.012099
FIRE:  712 22:35:04    -1733.518157        0.014711
FIRE:  713 22:35:04    -1733.518280        0.016487
FIRE:  714 22:35:04    -1733.518437        0.012197
FIRE:  715 22:35:04    -1733.518616        0.013306
FIRE:  716 22:35:04    -1733.518844        0.016833
FIRE:  717 22:35:04    -1733.519115        0.015585
FIRE:  718 22:35:04    -1733.519456        0.012080
FIRE:  719 22:35:04    -1733.519858        0.014483
FIRE:  720 22:35:05    -1733.520349        0.012647
FIRE:  721 22:35:05    -1733.520944        0.016796
FIRE:  722 22:35:05    -1733.521676        0.012188
FIRE:  723 22:35:05    -1733.522540        0.012223
FIRE:  724 22:35:05    -1733.523585        0.018807
FIRE:  725 22:35:05    -1733.524829        0.029722
FIRE:  726 22:35:05    -1733.526246        0.056548
FIRE:  727 22:35:05    -1733.527517        0.135499
FIRE:  728 22:35:05    -1733.525998        0.358105
FIRE:  729 22:35:05    -1733.530071        0.045071
FIRE:  730 22:35:05    -1733.530107        0.032947
FIRE:  731 22:35:05    -1733.530174        0.013909
FIRE:  732 22:35:05    -1733.530214        0.019050
FIRE:  733 22:35:06    -1733.530243        0.030162
FIRE:  734 22:35:06    -1733.530303        0.032782
FIRE:  735 22:35:06    -1733.530398        0.026009
FIRE:  736 22:35:06    -1733.530502        0.014992
FIRE:  737 22:35:06    -1733.530610        0.016477
FIRE:  738 22:35:06    -1733.530732        0.026768
FIRE:  739 22:35:06    -1733.530919        0.019230
FIRE:  740 22:35:06    -1733.531146        0.016228
FIRE:  741 22:35:06    -1733.531397        0.025596
FIRE:  742 22:35:06    -1733.531745        0.015284
FIRE:  743 22:35:06    -1733.532133        0.022603
FIRE:  744 22:35:06    -1733.532652        0.012791
FIRE:  745 22:35:07    -1733.533245        0.027281
FIRE:  746 22:35:07    -1733.534016        0.017606
FIRE:  747 22:35:07    -1733.534946        0.015438
FIRE:  748 22:35:07    -1733.536061        0.013626
FIRE:  749 22:35:07    -1733.537373        0.045038
FIRE:  750 22:35:07    -1733.538373        0.141779
FIRE:  751 22:35:07    -1733.539097        0.013377
FIRE:  752 22:35:07    -1733.538656        0.129497
FIRE:  753 22:35:07    -1733.538906        0.097199
FIRE:  754 22:35:07    -1733.539179        0.040927
FIRE:  755 22:35:07    -1733.539256        0.026016
FIRE:  756 22:35:07    -1733.539263        0.024422
FIRE:  757 22:35:07    -1733.539280        0.021356
FIRE:  758 22:35:08    -1733.539292        0.017115
FIRE:  759 22:35:08    -1733.539301        0.014574
FIRE:  760 22:35:08    -1733.539324        0.014012
FIRE:  761 22:35:08    -1733.539341        0.013587
FIRE:  762 22:35:08    -1733.539359        0.013331
FIRE:  763 22:35:08    -1733.539389        0.013364
FIRE:  764 22:35:08    -1733.539414        0.015315
FIRE:  765 22:35:08    -1733.539451        0.015673
FIRE:  766 22:35:08    -1733.539503        0.013546
FIRE:  767 22:35:08    -1733.539577        0.013418
FIRE:  768 22:35:08    -1733.539645        0.013903
FIRE:  769 22:35:08    -1733.539733        0.014443
FIRE:  770 22:35:09    -1733.539856        0.014567
FIRE:  771 22:35:09    -1733.540001        0.014077
FIRE:  772 22:35:09    -1733.540181        0.013477
FIRE:  773 22:35:09    -1733.540387        0.013273
FIRE:  774 22:35:09    -1733.540649        0.013451
FIRE:  775 22:35:09    -1733.540968        0.014272
FIRE:  776 22:35:09    -1733.541367        0.014306
FIRE:  777 22:35:09    -1733.541838        0.013460
FIRE:  778 22:35:09    -1733.542422        0.013576
FIRE:  779 22:35:09    -1733.543115        0.014779
FIRE:  780 22:35:09    -1733.543968        0.013522
FIRE:  781 22:35:09    -1733.545008        0.015400
FIRE:  782 22:35:10    -1733.546262        0.015174
FIRE:  783 22:35:10    -1733.547760        0.039505
FIRE:  784 22:35:10    -1733.549161        0.136930
FIRE:  785 22:35:10    -1733.546163        0.514671
FIRE:  786 22:35:10    -1733.551274        0.137372
FIRE:  787 22:35:10    -1733.551506        0.093279
FIRE:  788 22:35:10    -1733.551699        0.022575
FIRE:  789 22:35:10    -1733.551682        0.061865
FIRE:  790 22:35:10    -1733.551707        0.057450
FIRE:  791 22:35:10    -1733.551724        0.049012
FIRE:  792 22:35:10    -1733.551751        0.037517
FIRE:  793 22:35:10    -1733.551783        0.024657
FIRE:  794 22:35:10    -1733.551807        0.014932
FIRE:  795 22:35:11    -1733.551817        0.016752
FIRE:  796 22:35:11    -1733.551834        0.024451
FIRE:  797 22:35:11    -1733.551864        0.030529
FIRE:  798 22:35:11    -1733.551894        0.032001
FIRE:  799 22:35:11    -1733.551951        0.027436
FIRE:  800 22:35:11    -1733.552019        0.018060
FIRE:  801 22:35:11    -1733.552094        0.015203
FIRE:  802 22:35:11    -1733.552182        0.025733
FIRE:  803 22:35:11    -1733.552270        0.031282
FIRE:  804 22:35:11    -1733.552407        0.024223
FIRE:  805 22:35:11    -1733.552582        0.014064
FIRE:  806 22:35:11    -1733.552772        0.022696
FIRE:  807 22:35:12    -1733.553011        0.018918
FIRE:  808 22:35:12    -1733.553310        0.019154
FIRE:  809 22:35:12    -1733.553676        0.026358
FIRE:  810 22:35:12    -1733.554111        0.014881
FIRE:  811 22:35:12    -1733.554639        0.019317
FIRE:  812 22:35:12    -1733.555283        0.027772
FIRE:  813 22:35:12    -1733.556078        0.016443
FIRE:  814 22:35:12    -1733.557029        0.015796
FIRE:  815 22:35:12    -1733.558175        0.014544
FIRE:  816 22:35:12    -1733.559499        0.026934
FIRE:  817 22:35:12    -1733.560367        0.087530
FIRE:  818 22:35:12    -1733.561222        0.014729
FIRE:  819 22:35:12    -1733.561228        0.014626
FIRE:  820 22:35:13    -1733.561253        0.014479
FIRE:  821 22:35:13    -1733.561288        0.014325
FIRE:  822 22:35:13    -1733.561326        0.014240
FIRE:  823 22:35:13    -1733.561385        0.014214
FIRE:  824 22:35:13    -1733.561444        0.014258
FIRE:  825 22:35:13    -1733.561514        0.014353
FIRE:  826 22:35:13    -1733.561602        0.014489
FIRE:  827 22:35:13    -1733.561721        0.014565
FIRE:  828 22:35:13    -1733.561870        0.014489
FIRE:  829 22:35:13    -1733.562047        0.014318
FIRE:  830 22:35:13    -1733.562277        0.014239
FIRE:  831 22:35:13    -1733.562552        0.014351
FIRE:  832 22:35:14    -1733.562898        0.014493
FIRE:  833 22:35:14    -1733.563318        0.014332
FIRE:  834 22:35:14    -1733.563839        0.014206
FIRE:  835 22:35:14    -1733.564483        0.014449
FIRE:  836 22:35:14    -1733.565258        0.014076
FIRE:  837 22:35:14    -1733.566213        0.014721
FIRE:  838 22:35:14    -1733.567360        0.014633
FIRE:  839 22:35:14    -1733.568648        0.036310
FIRE:  840 22:35:14    -1733.568855        0.140421
FIRE:  841 22:35:14    -1733.570340        0.028996
FIRE:  842 22:35:14    -1733.570373        0.023154
FIRE:  843 22:35:14    -1733.570417        0.015391
FIRE:  844 22:35:14    -1733.570438        0.014654
FIRE:  845 22:35:15    -1733.570474        0.019026
FIRE:  846 22:35:15    -1733.570525        0.019750
FIRE:  847 22:35:15    -1733.570593        0.016127
FIRE:  848 22:35:15    -1733.570677        0.013742
FIRE:  849 22:35:15    -1733.570753        0.018083
FIRE:  850 22:35:15    -1733.570856        0.020812
FIRE:  851 22:35:15    -1733.571003        0.016354
FIRE:  852 22:35:15    -1733.571174        0.014371
FIRE:  853 22:35:15    -1733.571372        0.016429
FIRE:  854 22:35:15    -1733.571652        0.013926
FIRE:  855 22:35:15    -1733.571961        0.019450
FIRE:  856 22:35:15    -1733.572358        0.013610
FIRE:  857 22:35:16    -1733.572842        0.015427
FIRE:  858 22:35:16    -1733.573429        0.020905
FIRE:  859 22:35:16    -1733.574145        0.018013
FIRE:  860 22:35:16    -1733.574988        0.028969
FIRE:  861 22:35:16    -1733.575885        0.061402
FIRE:  862 22:35:16    -1733.576128        0.183049
FIRE:  863 22:35:16    -1733.577235        0.016494
FIRE:  864 22:35:16    -1733.577236        0.014806
FIRE:  865 22:35:16    -1733.577260        0.013264
FIRE:  866 22:35:16    -1733.577287        0.014070
FIRE:  867 22:35:16    -1733.577318        0.016158
FIRE:  868 22:35:16    -1733.577356        0.016971
FIRE:  869 22:35:16    -1733.577413        0.015723
FIRE:  870 22:35:17    -1733.577464        0.013767
FIRE:  871 22:35:17    -1733.577547        0.013303
FIRE:  872 22:35:17    -1733.577627        0.013993
FIRE:  873 22:35:17    -1733.577745        0.013403
FIRE:  874 22:35:17    -1733.577891        0.013857
FIRE:  875 22:35:17    -1733.578076        0.015572
FIRE:  876 22:35:17    -1733.578294        0.013604
FIRE:  877 22:35:17    -1733.578572        0.013674
FIRE:  878 22:35:17    -1733.578902        0.013220
FIRE:  879 22:35:17    -1733.579328        0.015489
FIRE:  880 22:35:17    -1733.579832        0.013795
FIRE:  881 22:35:17    -1733.580444        0.015091
FIRE:  882 22:35:18    -1733.581201        0.014392
FIRE:  883 22:35:18    -1733.582101        0.029313
FIRE:  884 22:35:18    -1733.583036        0.091637
FIRE:  885 22:35:18    -1733.582554        0.321119
FIRE:  886 22:35:18    -1733.584412        0.052185
FIRE:  887 22:35:18    -1733.584446        0.037500
FIRE:  888 22:35:18    -1733.584483        0.015736
FIRE:  889 22:35:18    -1733.584510        0.022505
FIRE:  890 22:35:18    -1733.584529        0.038987
FIRE:  891 22:35:18    -1733.584562        0.042027
FIRE:  892 22:35:18    -1733.584624        0.031215
FIRE:  893 22:35:18    -1733.584693        0.014528
FIRE:  894 22:35:18    -1733.584749        0.021495
FIRE:  895 22:35:19    -1733.584832        0.031154
FIRE:  896 22:35:19    -1733.584941        0.021025
FIRE:  897 22:35:19    -1733.585080        0.018283
FIRE:  898 22:35:19    -1733.585244        0.031532
FIRE:  899 22:35:19    -1733.585453        0.014880
FIRE:  900 22:35:19    -1733.585694        0.027237
FIRE:  901 22:35:19    -1733.586004        0.013081
FIRE:  902 22:35:19    -1733.586373        0.033845
FIRE:  903 22:35:19    -1733.586827        0.024323
FIRE:  904 22:35:19    -1733.587386        0.016772
FIRE:  905 22:35:19    -1733.588062        0.012698
FIRE:  906 22:35:19    -1733.588876        0.015912
FIRE:  907 22:35:20    -1733.589674        0.065065
FIRE:  908 22:35:20    -1733.588212        0.239972
FIRE:  909 22:35:20    -1733.590869        0.063936
FIRE:  910 22:35:20    -1733.590972        0.043922
FIRE:  911 22:35:20    -1733.591069        0.012793
FIRE:  912 22:35:20    -1733.591074        0.025439
FIRE:  913 22:35:20    -1733.591080        0.023454
FIRE:  914 22:35:20    -1733.591095        0.019679
FIRE:  915 22:35:20    -1733.591111        0.014471
FIRE:  916 22:35:20    -1733.591124        0.013282
FIRE:  917 22:35:20    -1733.591141        0.013062
FIRE:  918 22:35:20    -1733.591146        0.012896
FIRE:  919 22:35:20    -1733.591159        0.012788
FIRE:  920 22:35:21    -1733.591174        0.013855
FIRE:  921 22:35:21    -1733.591197        0.014683
FIRE:  922 22:35:21    -1733.591226        0.012777
FIRE:  923 22:35:21    -1733.591266        0.012914
FIRE:  924 22:35:21    -1733.591314        0.013153
FIRE:  925 22:35:21    -1733.591360        0.013401
FIRE:  926 22:35:21    -1733.591432        0.013493
FIRE:  927 22:35:21    -1733.591519        0.013334
FIRE:  928 22:35:21    -1733.591618        0.013063
FIRE:  929 22:35:21    -1733.591744        0.012920
FIRE:  930 22:35:21    -1733.591881        0.013026
FIRE:  931 22:35:21    -1733.592073        0.013392
FIRE:  932 22:35:22    -1733.592299        0.013467
FIRE:  933 22:35:22    -1733.592572        0.013106
FIRE:  934 22:35:22    -1733.592899        0.013133
FIRE:  935 22:35:22    -1733.593307        0.013646
FIRE:  936 22:35:22    -1733.593790        0.013127
FIRE:  937 22:35:22    -1733.594392        0.013885
FIRE:  938 22:35:22    -1733.595102        0.013653
FIRE:  939 22:35:22    -1733.595956        0.025659
FIRE:  940 22:35:22    -1733.596696        0.080426
FIRE:  941 22:35:22    -1733.594294        0.310621
FIRE:  942 22:35:22    -1733.597904        0.096540
FIRE:  943 22:35:22    -1733.598073        0.064850
FIRE:  944 22:35:22    -1733.598220        0.016716
FIRE:  945 22:35:23    -1733.598209        0.047172
FIRE:  946 22:35:23    -1733.598213        0.043808
FIRE:  947 22:35:23    -1733.598236        0.037437
FIRE:  948 22:35:23    -1733.598258        0.028840
FIRE:  949 22:35:23    -1733.598276        0.019678
FIRE:  950 22:35:23    -1733.598294        0.013828
FIRE:  951 22:35:23    -1733.598293        0.015881
FIRE:  952 22:35:23    -1733.598305        0.021137
FIRE:  953 22:35:23    -1733.598319        0.025118
FIRE:  954 22:35:23    -1733.598334        0.025701
FIRE:  955 22:35:23    -1733.598367        0.022030
FIRE:  956 22:35:23    -1733.598419        0.015644
FIRE:  957 22:35:24    -1733.598458        0.014672
FIRE:  958 22:35:24    -1733.598511        0.021752
FIRE:  959 22:35:24    -1733.598562        0.024928
FIRE:  960 22:35:24    -1733.598644        0.019443
FIRE:  961 22:35:24    -1733.598747        0.013786
FIRE:  962 22:35:24    -1733.598850        0.019385
FIRE:  963 22:35:24    -1733.598996        0.016148
FIRE:  964 22:35:24    -1733.599158        0.017381
FIRE:  965 22:35:24    -1733.599369        0.020846
FIRE:  966 22:35:24    -1733.599629        0.014592
FIRE:  967 22:35:24    -1733.599934        0.015926
FIRE:  968 22:35:24    -1733.600302        0.022511
FIRE:  969 22:35:24    -1733.600757        0.016265
FIRE:  970 22:35:25    -1733.601299        0.017222
FIRE:  971 22:35:25    -1733.601922        0.020799
FIRE:  972 22:35:25    -1733.602558        0.057832
FIRE:  973 22:35:25    -1733.602455        0.157449
FIRE:  974 22:35:25    -1733.603596        0.019581
FIRE:  975 22:35:25    -1733.603615        0.017067
FIRE:  976 22:35:25    -1733.603627        0.013953
FIRE:  977 22:35:25    -1733.603648        0.013164
FIRE:  978 22:35:25    -1733.603670        0.014458
FIRE:  979 22:35:25    -1733.603692        0.014925
FIRE:  980 22:35:25    -1733.603726        0.013828
FIRE:  981 22:35:25    -1733.603769        0.013078
FIRE:  982 22:35:26    -1733.603823        0.014583
FIRE:  983 22:35:26    -1733.603875        0.015903
FIRE:  984 22:35:26    -1733.603961        0.014281
FIRE:  985 22:35:26    -1733.604066        0.013075
FIRE:  986 22:35:26    -1733.604192        0.013765
FIRE:  987 22:35:26    -1733.604336        0.013047
FIRE:  988 22:35:26    -1733.604521        0.015270
FIRE:  989 22:35:26    -1733.604760        0.012863
FIRE:  990 22:35:26    -1733.605040        0.013303
FIRE:  991 22:35:26    -1733.605381        0.015855
FIRE:  992 22:35:26    -1733.605797        0.014430
FIRE:  993 22:35:26    -1733.606291        0.021920
FIRE:  994 22:35:26    -1733.606846        0.045342
FIRE:  995 22:35:27    -1733.607136        0.133439
FIRE:  996 22:35:27    -1733.607604        0.011984
FIRE:  997 22:35:27    -1733.607284        0.117446
FIRE:  998 22:35:27    -1733.607452        0.087566
FIRE:  999 22:35:27    -1733.607628        0.036296
FIRE:  1000 22:35:27    -1733.607662        0.029364
FIRE:  1001 22:35:27    -1733.607665        0.027920
FIRE:  1002 22:35:27    -1733.607667        0.025183
FIRE:  1003 22:35:27    -1733.607677        0.021441
FIRE:  1004 22:35:27    -1733.607688        0.017298
FIRE:  1005 22:35:27    -1733.607700        0.013704
FIRE:  1006 22:35:27    -1733.607701        0.012020
FIRE:  1007 22:35:27    -1733.607711        0.012713
FIRE:  1008 22:35:28    -1733.607716        0.014687
FIRE:  1009 22:35:28    -1733.607729        0.016370
FIRE:  1010 22:35:28    -1733.607746        0.016556
FIRE:  1011 22:35:28    -1733.607764        0.014923
FIRE:  1012 22:35:28    -1733.607802        0.012491
FIRE:  1013 22:35:28    -1733.607826        0.012533
FIRE:  1014 22:35:28    -1733.607868        0.015567
FIRE:  1015 22:35:28    -1733.607909        0.017030
FIRE:  1016 22:35:28    -1733.607974        0.014455
FIRE:  1017 22:35:28    -1733.608034        0.011957
FIRE:  1018 22:35:28    -1733.608120        0.013952
FIRE:  1019 22:35:28    -1733.608225        0.012693
FIRE:  1020 22:35:29    -1733.608355        0.013468
FIRE:  1021 22:35:29    -1733.608497        0.015272
FIRE:  1022 22:35:29    -1733.608688        0.011969
FIRE:  1023 22:35:29    -1733.608917        0.012756
FIRE:  1024 22:35:29    -1733.609191        0.015875
FIRE:  1025 22:35:29    -1733.609516        0.012077
FIRE:  1026 22:35:29    -1733.609908        0.011920
FIRE:  1027 22:35:29    -1733.610383        0.011170
FIRE:  1028 22:35:29    -1733.610949        0.011381
FIRE:  1029 22:35:29    -1733.611514        0.029821
FIRE:  1030 22:35:29    -1733.611132        0.118287
FIRE:  1031 22:35:29    -1733.612325        0.029580
FIRE:  1032 22:35:29    -1733.612343        0.020187
FIRE:  1033 22:35:30    -1733.612390        0.010442
FIRE:  1034 22:35:30    -1733.612399        0.012174
FIRE:  1035 22:35:30    -1733.612398        0.011275
FIRE:  1036 22:35:30    -1733.612402        0.010544
FIRE:  1037 22:35:30    -1733.612406        0.010546
FIRE:  1038 22:35:30    -1733.612414        0.010540
FIRE:  1039 22:35:30    -1733.612427        0.010541
FIRE:  1040 22:35:30    -1733.612430        0.010537
FIRE:  1041 22:35:30    -1733.612440        0.010534
FIRE:  1042 22:35:30    -1733.612451        0.010517
FIRE:  1043 22:35:30    -1733.612463        0.010513
FIRE:  1044 22:35:30    -1733.612470        0.010490
FIRE:  1045 22:35:31    -1733.612491        0.010481
FIRE:  1046 22:35:31    -1733.612520        0.010477
FIRE:  1047 22:35:31    -1733.612555        0.010490
FIRE:  1048 22:35:31    -1733.612589        0.010508
FIRE:  1049 22:35:31    -1733.612633        0.010532
FIRE:  1050 22:35:31    -1733.612692        0.010530
FIRE:  1051 22:35:31    -1733.612760        0.010465
FIRE:  1052 22:35:31    -1733.612841        0.010386
FIRE:  1053 22:35:31    -1733.612946        0.010356
FIRE:  1054 22:35:31    -1733.613063        0.010393
FIRE:  1055 22:35:31    -1733.613220        0.010396
FIRE:  1056 22:35:31    -1733.613397        0.010162
FIRE:  1057 22:35:31    -1733.613621        0.010117
FIRE:  1058 22:35:32    -1733.613890        0.010241
FIRE:  1059 22:35:32    -1733.614194        0.009869
FIRE:  1060 22:35:32    -1733.614573        0.012840
FIRE:  1061 22:35:32    -1733.614991        0.030810
FIRE:  1062 22:35:32    -1733.615154        0.098286
FIRE:  1063 22:35:32    -1733.615541        0.010685
FIRE:  1064 22:35:32    -1733.615554        0.009867
FIRE:  1065 22:35:32    -1733.615556        0.009164
FIRE:  1066 22:35:32    -1733.615572        0.009581
FIRE:  1067 22:35:32    -1733.615583        0.010578
FIRE:  1068 22:35:32    -1733.615597        0.010925
FIRE:  1069 22:35:32    -1733.615614        0.010283
FIRE:  1070 22:35:33    -1733.615631        0.009377
FIRE:  1071 22:35:33    -1733.615666        0.009205
FIRE:  1072 22:35:33    -1733.615697        0.009498
FIRE:  1073 22:35:33    -1733.615733        0.009200
FIRE:  1074 22:35:33    -1733.615791        0.009467
FIRE:  1075 22:35:33    -1733.615856        0.010196
FIRE:  1076 22:35:33    -1733.615938        0.009216
FIRE:  1077 22:35:33    -1733.616027        0.009274
FIRE:  1078 22:35:33    -1733.616148        0.009034
FIRE:  1079 22:35:33    -1733.616300        0.009958
FIRE:  1080 22:35:33    -1733.616494        0.009229
FIRE:  1081 22:35:33    -1733.616700        0.010022
FIRE:  1082 22:35:33    -1733.616963        0.010098
FIRE:  1083 22:35:34    -1733.617262        0.021455
FIRE:  1084 22:35:34    -1733.617508        0.059333
FIRE:  1085 22:35:34    -1733.616796        0.186933
FIRE:  1086 22:35:34    -1733.618011        0.033619
FIRE:  1087 22:35:34    -1733.618033        0.024027
FIRE:  1088 22:35:34    -1733.618053        0.009755
FIRE:  1089 22:35:34    -1733.618064        0.014661
FIRE:  1090 22:35:34    -1733.618065        0.013943
FIRE:  1091 22:35:34    -1733.618072        0.012639
FIRE:  1092 22:35:34    -1733.618067        0.010967
FIRE:  1093 22:35:34    -1733.618075        0.009294
FIRE:  1094 22:35:34    -1733.618083        0.008133
FIRE:  1095 22:35:34    -1733.618081        0.007879
FIRE:  1096 22:35:35    -1733.618094        0.008356
FIRE:  1097 22:35:35    -1733.618096        0.009043
FIRE:  1098 22:35:35    -1733.618106        0.009380
FIRE:  1099 22:35:35    -1733.618109        0.009054
FIRE:  1100 22:35:35    -1733.618129        0.008231
FIRE:  1101 22:35:35    -1733.618134        0.007903
FIRE:  1102 22:35:35    -1733.618158        0.008830
FIRE:  1103 22:35:35    -1733.618176        0.009783
FIRE:  1104 22:35:35    -1733.618203        0.009197
FIRE:  1105 22:35:35    -1733.618239        0.007926
FIRE:  1106 22:35:36    -1733.618274        0.008285
FIRE:  1107 22:35:36    -1733.618324        0.008244
FIRE:  1108 22:35:36    -1733.618387        0.008031
FIRE:  1109 22:35:36    -1733.618463        0.009254
FIRE:  1110 22:35:36    -1733.618551        0.007727
FIRE:  1111 22:35:36    -1733.618652        0.008228
FIRE:  1112 22:35:36    -1733.618781        0.008638
FIRE:  1113 22:35:36    -1733.618941        0.007487
FIRE:  1114 22:35:36    -1733.619124        0.007523
FIRE:  1115 22:35:36    -1733.619352        0.011316
FIRE:  1116 22:35:36    -1733.619591        0.024224
FIRE:  1117 22:35:36    -1733.619718        0.070742
FIRE:  1118 22:35:36    -1733.619921        0.006765
FIRE:  1119 22:35:37    -1733.619780        0.062216
FIRE:  1120 22:35:37    -1733.619848        0.046478
FIRE:  1121 22:35:37    -1733.619927        0.019506
FIRE:  1122 22:35:37    -1733.619940        0.015530
FIRE:  1123 22:35:37    -1733.619941        0.014769
FIRE:  1124 22:35:37    -1733.619945        0.013377
FIRE:  1125 22:35:37    -1733.619954        0.011480
FIRE:  1126 22:35:37    -1733.619954        0.009392
FIRE:  1127 22:35:37    -1733.619953        0.007607
FIRE:  1128 22:35:37    -1733.619957        0.006789
FIRE:  1129 22:35:37    -1733.619959        0.007112
FIRE:  1130 22:35:37    -1733.619963        0.008094
FIRE:  1131 22:35:38    -1733.619982        0.008927
FIRE:  1132 22:35:38    -1733.619979        0.009039
FIRE:  1133 22:35:38    -1733.619983        0.008230
FIRE:  1134 22:35:38    -1733.619992        0.007029
FIRE:  1135 22:35:38    -1733.620007        0.007001
FIRE:  1136 22:35:38    -1733.620022        0.008476
FIRE:  1137 22:35:38    -1733.620038        0.009237
FIRE:  1138 22:35:38    -1733.620068        0.008013
FIRE:  1139 22:35:38    -1733.620095        0.006746
FIRE:  1140 22:35:38    -1733.620118        0.007708
FIRE:  1141 22:35:38    -1733.620162        0.007138
FIRE:  1142 22:35:38    -1733.620213        0.007383
FIRE:  1143 22:35:38    -1733.620271        0.008385
FIRE:  1144 22:35:39    -1733.620347        0.006673
FIRE:  1145 22:35:39    -1733.620424        0.007157
FIRE:  1146 22:35:39    -1733.620544        0.008502
FIRE:  1147 22:35:39    -1733.620663        0.006583
FIRE:  1148 22:35:39    -1733.620815        0.006384
FIRE:  1149 22:35:39    -1733.621002        0.006443
FIRE:  1150 22:35:39    -1733.621204        0.008556
FIRE:  1151 22:35:39    -1733.621409        0.033685
FIRE:  1152 22:35:39    -1733.621075        0.125228
FIRE:  1153 22:35:39    -1733.621711        0.031398
FIRE:  1154 22:35:39    -1733.621738        0.021432
FIRE:  1155 22:35:39    -1733.621753        0.006999
FIRE:  1156 22:35:39    -1733.621757        0.013004
FIRE:  1157 22:35:40    -1733.621757        0.012025
FIRE:  1158 22:35:40    -1733.621755        0.010133
FIRE:  1159 22:35:40    -1733.621764        0.007500
FIRE:  1160 22:35:40    -1733.621769        0.005972
FIRE:  1161 22:35:40    -1733.621766        0.005599
FIRE:  1162 22:35:40    -1733.621774        0.006182
FIRE:  1163 22:35:40    -1733.621779        0.007120
FIRE:  1164 22:35:40    -1733.621776        0.007885
FIRE:  1165 22:35:40    -1733.621783        0.008112
FIRE:  1166 22:35:40    -1733.621792        0.007539
FIRE:  1167 22:35:40    -1733.621802        0.006375
FIRE:  1168 22:35:40    -1733.621804        0.005599
FIRE:  1169 22:35:41    -1733.621820        0.006030
FIRE:  1170 22:35:41    -1733.621826        0.006491
FIRE:  1171 22:35:41    -1733.621850        0.005911
FIRE:  1172 22:35:41    -1733.621866        0.005743
FIRE:  1173 22:35:41    -1733.621886        0.006923
FIRE:  1174 22:35:41    -1733.621928        0.006416
FIRE:  1175 22:35:41    -1733.621958        0.005622
FIRE:  1176 22:35:41    -1733.622002        0.005989
FIRE:  1177 22:35:41    -1733.622060        0.005902
FIRE:  1178 22:35:41    -1733.622124        0.006299
FIRE:  1179 22:35:41    -1733.622202        0.006097
FIRE:  1180 22:35:41    -1733.622292        0.006143
FIRE:  1181 22:35:41    -1733.622406        0.005310
FIRE:  1182 22:35:42    -1733.622545        0.006253
FIRE:  1183 22:35:42    -1733.622700        0.010552
FIRE:  1184 22:35:42    -1733.622802        0.035289
FIRE:  1185 22:35:42    -1733.622895        0.005250
FIRE:  1186 22:35:42    -1733.622903        0.005029
FIRE:  1187 22:35:42    -1733.622900        0.004860
FIRE:  1188 22:35:42    -1733.622909        0.004999
FIRE:  1189 22:35:42    -1733.622918        0.005316
FIRE:  1190 22:35:42    -1733.622921        0.005438
FIRE:  1191 22:35:42    -1733.622921        0.005228
FIRE:  1192 22:35:42    -1733.622929        0.004940
FIRE:  1193 22:35:42    -1733.622942        0.004858
FIRE:  1194 22:35:43    -1733.622950        0.004932
FIRE:  1195 22:35:43    -1733.622972        0.004854
FIRE:  1196 22:35:43    -1733.622993        0.004968
FIRE:  1197 22:35:43    -1733.623010        0.005190
FIRE:  1198 22:35:43    -1733.623037        0.004859
FIRE:  1199 22:35:43    -1733.623078        0.004839
FIRE:  1200 22:35:43    -1733.623119        0.004800
FIRE:  1201 22:35:43    -1733.623175        0.005087
FIRE:  1202 22:35:43    -1733.623241        0.004788
FIRE:  1203 22:35:43    -1733.623316        0.005178
FIRE:  1204 22:35:43    -1733.623418        0.005212
FIRE:  1205 22:35:43    -1733.623532        0.011074
FIRE:  1206 22:35:44    -1733.623627        0.032603
FIRE:  1207 22:35:44    -1733.623448        0.105389
FIRE:  1208 22:35:44    -1733.623808        0.018087
FIRE:  1209 22:35:44    -1733.623816        0.012967
FIRE:  1210 22:35:44    -1733.623821        0.005293
FIRE:  1211 22:35:44    -1733.623828        0.007737
FIRE:  1212 22:35:44    -1733.623818        0.007360
FIRE:  1213 22:35:44    -1733.623819        0.006677
FIRE:  1214 22:35:44    -1733.623815        0.005828
FIRE:  1215 22:35:44    -1733.623828        0.004973
FIRE:  1216 22:35:44    -1733.623829        0.004362
FIRE:  1217 22:35:44    -1733.623830        0.004227
FIRE:  1218 22:35:44    -1733.623830        0.004455
FIRE:  1219 22:35:45    -1733.623838        0.004797
FIRE:  1220 22:35:45    -1733.623839        0.004982
FIRE:  1221 22:35:45    -1733.623844        0.004816
FIRE:  1222 22:35:45    -1733.623853        0.004409
FIRE:  1223 22:35:45    -1733.623850        0.004230
FIRE:  1224 22:35:45    -1733.623857        0.004689
FIRE:  1225 22:35:45    -1733.623861        0.005179
FIRE:  1226 22:35:45    -1733.623870        0.004888
FIRE:  1227 22:35:45    -1733.623884        0.004237
FIRE:  1228 22:35:45    -1733.623895        0.004403
FIRE:  1229 22:35:45    -1733.623919        0.004392
FIRE:  1230 22:35:45    -1733.623942        0.004286
FIRE:  1231 22:35:46    -1733.623965        0.004903
FIRE:  1232 22:35:46    -1733.623996        0.004141
FIRE:  1233 22:35:46    -1733.624040        0.004390
FIRE:  1234 22:35:46    -1733.624089        0.004602
FIRE:  1235 22:35:46    -1733.624141        0.004024
FIRE:  1236 22:35:46    -1733.624211        0.004057
FIRE:  1237 22:35:46    -1733.624291        0.005967
FIRE:  1238 22:35:46    -1733.624379        0.012985
FIRE:  1239 22:35:46    -1733.624435        0.039739
FIRE:  1240 22:35:46    -1733.624508        0.003727
FIRE:  1241 22:35:46    -1733.624458        0.034990
FIRE:  1242 22:35:46    -1733.624478        0.026209
FIRE:  1243 22:35:47    -1733.624507        0.011115
FIRE:  1244 22:35:47    -1733.624509        0.008438
FIRE:  1245 22:35:47    -1733.624514        0.008035
FIRE:  1246 22:35:47    -1733.624506        0.007275
FIRE:  1247 22:35:47    -1733.624511        0.006285
FIRE:  1248 22:35:47    -1733.624512        0.005143
FIRE:  1249 22:35:47    -1733.624510        0.004186
FIRE:  1250 22:35:47    -1733.624514        0.003724
FIRE:  1251 22:35:47    -1733.624508        0.003888
FIRE:  1252 22:35:47    -1733.624513        0.004406
FIRE:  1253 22:35:47    -1733.624514        0.004861
FIRE:  1254 22:35:47    -1733.624522        0.004944
FIRE:  1255 22:35:48    -1733.624523        0.004508
FIRE:  1256 22:35:48    -1733.624521        0.003860
FIRE:  1257 22:35:48    -1733.624528        0.003832
FIRE:  1258 22:35:48    -1733.624540        0.004616
FIRE:  1259 22:35:48    -1733.624541        0.005018
FIRE:  1260 22:35:48    -1733.624548        0.004359
FIRE:  1261 22:35:48    -1733.624560        0.003690
FIRE:  1262 22:35:48    -1733.624569        0.004209
FIRE:  1263 22:35:48    -1733.624586        0.003908
FIRE:  1264 22:35:48    -1733.624604        0.004060
FIRE:  1265 22:35:48    -1733.624624        0.004569
FIRE:  1266 22:35:48    -1733.624644        0.003674
FIRE:  1267 22:35:48    -1733.624680        0.003911
FIRE:  1268 22:35:49    -1733.624723        0.004675
FIRE:  1269 22:35:49    -1733.624762        0.003676
FIRE:  1270 22:35:49    -1733.624824        0.003627
FIRE:  1271 22:35:49    -1733.624890        0.003391
FIRE:  1272 22:35:49    -1733.624968        0.003646
FIRE:  1273 22:35:49    -1733.625043        0.015375
FIRE:  1274 22:35:49    -1733.624972        0.056053
FIRE:  1275 22:35:49    -1733.625165        0.014103
FIRE:  1276 22:35:49    -1733.625163        0.009794
FIRE:  1277 22:35:49    -1733.625164        0.003152
FIRE:  1278 22:35:49    -1733.625170        0.005086
FIRE:  1279 22:35:49    -1733.625169        0.004684
FIRE:  1280 22:35:50    -1733.625174        0.003893
FIRE:  1281 22:35:50    -1733.625175        0.003478
FIRE:  1282 22:35:50    -1733.625180        0.003320
FIRE:  1283 22:35:50    -1733.625169        0.003199
FIRE:  1284 22:35:50    -1733.625182        0.003148
FIRE:  1285 22:35:50    -1733.625180        0.003152
FIRE:  1286 22:35:50    -1733.625185        0.003176
FIRE:  1287 22:35:50    -1733.625181        0.003222
FIRE:  1288 22:35:50    -1733.625188        0.003161
FIRE:  1289 22:35:50    -1733.625192        0.003143
FIRE:  1290 22:35:50    -1733.625188        0.003197
FIRE:  1291 22:35:50    -1733.625192        0.003334
FIRE:  1292 22:35:51    -1733.625199        0.003361
FIRE:  1293 22:35:51    -1733.625206        0.003274
FIRE:  1294 22:35:51    -1733.625214        0.003143
FIRE:  1295 22:35:51    -1733.625220        0.003129
FIRE:  1296 22:35:51    -1733.625231        0.003107
FIRE:  1297 22:35:51    -1733.625252        0.003226
FIRE:  1298 22:35:51    -1733.625266        0.003255
FIRE:  1299 22:35:51    -1733.625285        0.003069
FIRE:  1300 22:35:51    -1733.625306        0.003049
FIRE:  1301 22:35:51    -1733.625348        0.003263
FIRE:  1302 22:35:51    -1733.625376        0.003005
FIRE:  1303 22:35:51    -1733.625420        0.003224
FIRE:  1304 22:35:51    -1733.625464        0.003439
FIRE:  1305 22:35:52    -1733.625526        0.008271
FIRE:  1306 22:35:52    -1733.625535        0.024573
FIRE:  1307 22:35:52    -1733.625597        0.003545
FIRE:  1308 22:35:52    -1733.625598        0.003246
FIRE:  1309 22:35:52    -1733.625593        0.002878
FIRE:  1310 22:35:52    -1733.625599        0.002755
FIRE:  1311 22:35:52    -1733.625606        0.002864
FIRE:  1312 22:35:52    -1733.625608        0.002935
FIRE:  1313 22:35:52    -1733.625612        0.002832
FIRE:  1314 22:35:52    -1733.625619        0.002741
FIRE:  1315 22:35:52    -1733.625616        0.002908
FIRE:  1316 22:35:52    -1733.625618        0.003082
FIRE:  1317 22:35:52    -1733.625625        0.002920
FIRE:  1318 22:35:53    -1733.625636        0.002734
FIRE:  1319 22:35:53    -1733.625643        0.002803
FIRE:  1320 22:35:53    -1733.625648        0.002727
FIRE:  1321 22:35:53    -1733.625668        0.002979
FIRE:  1322 22:35:53    -1733.625684        0.002706
FIRE:  1323 22:35:53    -1733.625700        0.002745
FIRE:  1324 22:35:53    -1733.625727        0.002989
FIRE:  1325 22:35:53    -1733.625752        0.002699
FIRE:  1326 22:35:53    -1733.625788        0.003193
FIRE:  1327 22:35:53    -1733.625826        0.005818
FIRE:  1328 22:35:53    -1733.625865        0.018150
FIRE:  1329 22:35:53    -1733.625791        0.057862
FIRE:  1330 22:35:54    -1733.625933        0.009721
FIRE:  1331 22:35:54    -1733.625937        0.006818
FIRE:  1332 22:35:54    -1733.625932        0.003115
FIRE:  1333 22:35:54    -1733.625938        0.003525
FIRE:  1334 22:35:54    -1733.625941        0.003313
FIRE:  1335 22:35:54    -1733.625937        0.003057
FIRE:  1336 22:35:54    -1733.625942        0.002740
FIRE:  1337 22:35:54    -1733.625940        0.002487
FIRE:  1338 22:35:54    -1733.625937        0.002387
FIRE:  1339 22:35:54    -1733.625934        0.002468
FIRE:  1340 22:35:54    -1733.625943        0.002672
FIRE:  1341 22:35:54    -1733.625940        0.002873
FIRE:  1342 22:35:54    -1733.625945        0.002980
FIRE:  1343 22:35:55    -1733.625945        0.002875
FIRE:  1344 22:35:55    -1733.625944        0.002637
FIRE:  1345 22:35:55    -1733.625939        0.002406
FIRE:  1346 22:35:55    -1733.625954        0.002418
FIRE:  1347 22:35:55    -1733.625952        0.002538
FIRE:  1348 22:35:55    -1733.625949        0.002467
FIRE:  1349 22:35:55    -1733.625958        0.002386
FIRE:  1350 22:35:55    -1733.625964        0.002644
FIRE:  1351 22:35:55    -1733.625981        0.002627
FIRE:  1352 22:35:55    -1733.625978        0.002349
FIRE:  1353 22:35:55    -1733.625995        0.002454
FIRE:  1354 22:35:55    -1733.626008        0.002351
FIRE:  1355 22:35:56    -1733.626018        0.002645
FIRE:  1356 22:35:56    -1733.626040        0.002366
FIRE:  1357 22:35:56    -1733.626058        0.002294
FIRE:  1358 22:35:56    -1733.626070        0.002374
FIRE:  1359 22:35:56    -1733.626111        0.002589
FIRE:  1360 22:35:56    -1733.626147        0.006823
FIRE:  1361 22:35:56    -1733.626168        0.021270
FIRE:  1362 22:35:56    -1733.626190        0.002107
FIRE:  1363 22:35:56    -1733.626172        0.018769
FIRE:  1364 22:35:56    -1733.626191        0.014021
FIRE:  1365 22:35:56    -1733.626196        0.005728
FIRE:  1366 22:35:56    -1733.626189        0.004031
FIRE:  1367 22:35:56    -1733.626193        0.003783
FIRE:  1368 22:35:57    -1733.626198        0.003337
FIRE:  1369 22:35:57    -1733.626197        0.002697
FIRE:  1370 22:35:57    -1733.626198        0.002300
FIRE:  1371 22:35:57    -1733.626199        0.002105
FIRE:  1372 22:35:57    -1733.626193        0.002096
FIRE:  1373 22:35:57    -1733.626190        0.002265
FIRE:  1374 22:35:57    -1733.626201        0.002488
FIRE:  1375 22:35:57    -1733.626198        0.002678
FIRE:  1376 22:35:57    -1733.626200        0.002698
FIRE:  1377 22:35:57    -1733.626206        0.002530
FIRE:  1378 22:35:57    -1733.626192        0.002244
FIRE:  1379 22:35:57    -1733.626204        0.002069
FIRE:  1380 22:35:58    -1733.626206        0.002173
FIRE:  1381 22:35:58    -1733.626210        0.002281
FIRE:  1382 22:35:58    -1733.626204        0.002125
FIRE:  1383 22:35:58    -1733.626215        0.002118
FIRE:  1384 22:35:58    -1733.626219        0.002418
FIRE:  1385 22:35:58    -1733.626223        0.002254
FIRE:  1386 22:35:58    -1733.626230        0.002068
FIRE:  1387 22:35:58    -1733.626234        0.002146
FIRE:  1388 22:35:58    -1733.626244        0.002134
FIRE:  1389 22:35:58    -1733.626266        0.002260
FIRE:  1390 22:35:58    -1733.626275        0.002186
FIRE:  1391 22:35:58    -1733.626296        0.002159
FIRE:  1392 22:35:59    -1733.626312        0.001929
FIRE:  1393 22:35:59    -1733.626340        0.001980
FIRE:  1394 22:35:59    -1733.626361        0.003210
FIRE:  1395 22:35:59    -1733.626392        0.010623
FIRE:  1396 22:35:59    -1733.626345        0.034901
FIRE:  1397 22:35:59    -1733.626441        0.006799
FIRE:  1398 22:35:59    -1733.626443        0.004726
FIRE:  1399 22:35:59    -1733.626445        0.001941
FIRE:  1400 22:35:59    -1733.626443        0.002587
FIRE:  1401 22:35:59    -1733.626446        0.002363
FIRE:  1402 22:35:59    -1733.626446        0.002165
FIRE:  1403 22:35:59    -1733.626448        0.001956
FIRE:  1404 22:35:59    -1733.626444        0.001799
FIRE:  1405 22:36:00    -1733.626450        0.001750
FIRE:  1406 22:36:00    -1733.626448        0.001814
FIRE:  1407 22:36:00    -1733.626444        0.001926
FIRE:  1408 22:36:00    -1733.626443        0.002047
FIRE:  1409 22:36:00    -1733.626453        0.002060
FIRE:  1410 22:36:00    -1733.626449        0.001994
FIRE:  1411 22:36:00    -1733.626452        0.001845
FIRE:  1412 22:36:00    -1733.626453        0.001740
FIRE:  1413 22:36:00    -1733.626454        0.001799
FIRE:  1414 22:36:00    -1733.626459        0.001860
FIRE:  1415 22:36:00    -1733.626454        0.001771
FIRE:  1416 22:36:00    -1733.626462        0.001767
FIRE:  1417 22:36:01    -1733.626465        0.001907
FIRE:  1418 22:36:01    -1733.626472        0.001794
FIRE:  1419 22:36:01    -1733.626470        0.001729
FIRE:  1420 22:36:01    -1733.626488        0.001761
FIRE:  1421 22:36:01    -1733.626482        0.001785
FIRE:  1422 22:36:01    -1733.626498        0.001756
FIRE:  1423 22:36:01    -1733.626511        0.001765
FIRE:  1424 22:36:01    -1733.626512        0.001825
FIRE:  1425 22:36:01    -1733.626533        0.001698
FIRE:  1426 22:36:01    -1733.626557        0.002234
FIRE:  1427 22:36:01    -1733.626580        0.004699
FIRE:  1428 22:36:01    -1733.626596        0.014609
FIRE:  1429 22:36:01    -1733.626611        0.001750
FIRE:  1430 22:36:02    -1733.626609        0.001629
FIRE:  1431 22:36:02    -1733.626605        0.001514
FIRE:  1432 22:36:02    -1733.626609        0.001549
FIRE:  1433 22:36:02    -1733.626609        0.001686
FIRE:  1434 22:36:02    -1733.626604        0.001743
FIRE:  1435 22:36:02    -1733.626605        0.001651
FIRE:  1436 22:36:02    -1733.626611        0.001524
FIRE:  1437 22:36:02    -1733.626617        0.001504
FIRE:  1438 22:36:02    -1733.626615        0.001547
FIRE:  1439 22:36:02    -1733.626619        0.001508
FIRE:  1440 22:36:02    -1733.626620        0.001517
FIRE:  1441 22:36:02    -1733.626626        0.001621
FIRE:  1442 22:36:03    -1733.626627        0.001504
FIRE:  1443 22:36:03    -1733.626634        0.001505
FIRE:  1444 22:36:03    -1733.626648        0.001465
FIRE:  1445 22:36:03    -1733.626643        0.001574
FIRE:  1446 22:36:03    -1733.626654        0.001480
FIRE:  1447 22:36:03    -1733.626668        0.001532
FIRE:  1448 22:36:03    -1733.626680        0.001574
FIRE:  1449 22:36:03    -1733.626693        0.003108
FIRE:  1450 22:36:03    -1733.626705        0.008906
FIRE:  1451 22:36:03    -1733.626682        0.028469
FIRE:  1452 22:36:03    -1733.626740        0.005027
FIRE:  1453 22:36:03    -1733.626741        0.003626
FIRE:  1454 22:36:03    -1733.626739        0.001587
FIRE:  1455 22:36:04    -1733.626743        0.002158
FIRE:  1456 22:36:04    -1733.626748        0.002073
FIRE:  1457 22:36:04    -1733.626736        0.001887
FIRE:  1458 22:36:04    -1733.626742        0.001666
FIRE:  1459 22:36:04    -1733.626741        0.001468
FIRE:  1460 22:36:04    -1733.626738        0.001316
FIRE:  1461 22:36:04    -1733.626737        0.001294
FIRE:  1462 22:36:04    -1733.626747        0.001361
FIRE:  1463 22:36:04    -1733.626742        0.001447
FIRE:  1464 22:36:04    -1733.626744        0.001506
FIRE:  1465 22:36:04    -1733.626738        0.001462
FIRE:  1466 22:36:04    -1733.626740        0.001349
FIRE:  1467 22:36:05    -1733.626739        0.001288
FIRE:  1468 22:36:05    -1733.626737        0.001391
FIRE:  1469 22:36:05    -1733.626747        0.001517
FIRE:  1470 22:36:05    -1733.626738        0.001444
FIRE:  1471 22:36:05    -1733.626745        0.001286
FIRE:  1472 22:36:05    -1733.626747        0.001353
FIRE:  1473 22:36:05    -1733.626752        0.001337
FIRE:  1474 22:36:05    -1733.626752        0.001304
FIRE:  1475 22:36:05    -1733.626759        0.001439
FIRE:  1476 22:36:05    -1733.626759        0.001252
FIRE:  1477 22:36:05    -1733.626772        0.001335
FIRE:  1478 22:36:05    -1733.626778        0.001389
FIRE:  1479 22:36:06    -1733.626789        0.001215
FIRE:  1480 22:36:06    -1733.626801        0.001220
FIRE:  1481 22:36:06    -1733.626809        0.001596
FIRE:  1482 22:36:06    -1733.626818        0.003318
FIRE:  1483 22:36:06    -1733.626832        0.009861
FIRE:  1484 22:36:06    -1733.626840        0.001124
FIRE:  1485 22:36:06    -1733.626834        0.008726
FIRE:  1486 22:36:06    -1733.626837        0.006542
FIRE:  1487 22:36:06    -1733.626837        0.002838
FIRE:  1488 22:36:06    -1733.626834        0.002142
FIRE:  1489 22:36:06    -1733.626839        0.002051
FIRE:  1490 22:36:06    -1733.626838        0.001892
FIRE:  1491 22:36:06    -1733.626844        0.001649
FIRE:  1492 22:36:07    -1733.626833        0.001395
FIRE:  1493 22:36:07    -1733.626833        0.001202
FIRE:  1494 22:36:07    -1733.626845        0.001125
FIRE:  1495 22:36:07    -1733.626844        0.001170
FIRE:  1496 22:36:07    -1733.626831        0.001274
FIRE:  1497 22:36:07    -1733.626834        0.001381
FIRE:  1498 22:36:07    -1733.626838        0.001384
FIRE:  1499 22:36:07    -1733.626839        0.001290
FIRE:  1500 22:36:07    -1733.626845        0.001159
FIRE:  1501 22:36:07    -1733.626847        0.001139
FIRE:  1502 22:36:07    -1733.626837        0.001301
FIRE:  1503 22:36:07    -1733.626846        0.001379
FIRE:  1504 22:36:08    -1733.626841        0.001230
FIRE:  1505 22:36:08    -1733.626840        0.001116
FIRE:  1506 22:36:08    -1733.626853        0.001240
FIRE:  1507 22:36:08    -1733.626847        0.001142
FIRE:  1508 22:36:08    -1733.626855        0.001186
FIRE:  1509 22:36:08    -1733.626851        0.001273
FIRE:  1510 22:36:08    -1733.626869        0.001125
FIRE:  1511 22:36:08    -1733.626868        0.001134
FIRE:  1512 22:36:08    -1733.626875        0.001319
FIRE:  1513 22:36:08    -1733.626883        0.001130
FIRE:  1514 22:36:08    -1733.626881        0.001110
FIRE:  1515 22:36:08    -1733.626897        0.001023
FIRE:  1516 22:36:08    -1733.626903        0.002433
FIRE:  1517 22:36:09    -1733.626907        0.007568
FIRE:  1518 22:36:09    -1733.626920        0.000978
