      Step     Time          Energy          fmax
FIRE:    0 21:19:50      -95.010819        0.000000
      Step     Time          Energy          fmax
FIRE:    0 22:20:22      -95.010819        0.000000
      Step     Time          Energy          fmax
FIRE:    0 22:24:19      -95.010819        2.313382
FIRE:    1 22:24:36      -95.169541        2.260733
FIRE:    2 22:24:36      -95.472634        2.156866
FIRE:    3 22:24:36      -95.892780        2.004621
FIRE:    4 22:24:36      -96.392368        1.808255
FIRE:    5 22:24:36      -96.927063        1.572843
FIRE:    6 22:24:36      -97.427521        1.316828
FIRE:    7 22:24:36      -97.839650        1.063024
FIRE:    8 22:24:36      -98.164314        0.811918
FIRE:    9 22:24:42      -98.402515        0.563790
FIRE:   10 22:24:42      -98.555283        0.318772
FIRE:   11 22:24:42      -98.623769        0.077223
FIRE:   12 22:24:42      -98.609235        0.160375
FIRE:   13 22:24:42      -98.609726        0.158258
FIRE:   14 22:24:42      -98.610692        0.154046
FIRE:   15 22:24:43      -98.612086        0.147788
FIRE:   16 22:24:43      -98.613821        0.139574
FIRE:   17 22:24:43      -98.615811        0.129506
FIRE:   18 22:24:43      -98.617946        0.117710
FIRE:   19 22:24:43      -98.620134        0.104337
FIRE:   20 22:24:43      -98.622439        0.087935
FIRE:   21 22:24:43      -98.624692        0.068163
FIRE:   22 22:24:43      -98.626618        0.044757
FIRE:   23 22:24:43      -98.627847        0.017682
FIRE:   24 22:24:44      -98.627961        0.012776
FIRE:   25 22:24:44      -98.627966        0.012667
FIRE:   26 22:24:44      -98.627974        0.012446
FIRE:   27 22:24:44      -98.627971        0.012114
FIRE:   28 22:24:44      -98.627978        0.011683
FIRE:   29 22:24:44      -98.627987        0.011149
FIRE:   30 22:24:44      -98.628000        0.010514
FIRE:   31 22:24:44      -98.628009        0.009792
FIRE:   32 22:24:44      -98.628022        0.008891
FIRE:   33 22:24:44      -98.628029        0.007789
FIRE:   34 22:24:45      -98.628047        0.006456
FIRE:   35 22:24:45      -98.628059        0.004871
FIRE:   36 22:24:45      -98.628066        0.003019
FIRE:   37 22:24:45      -98.628078        0.000897
