      Step     Time          Energy          fmax
FIRE:    0 22:25:10    -1879.654243       12.591148
FIRE:    1 22:25:20    -1891.352732        8.502467
FIRE:    2 22:25:39    -1900.198924        6.747477
FIRE:    3 22:25:50    -1906.754883        5.235846
FIRE:    4 22:26:03    -1911.523635        4.106985
FIRE:    5 22:26:03    -1915.004906        3.552082
FIRE:    6 22:26:03    -1917.693521        3.883460
FIRE:    7 22:26:03    -1920.022597        3.871959
FIRE:    8 22:26:03    -1922.331065        3.524819
FIRE:    9 22:26:03    -1924.744508        3.103574
FIRE:   10 22:26:03    -1927.185656        3.224328
FIRE:   11 22:26:03    -1929.484242        3.041860
FIRE:   12 22:26:04    -1931.496440        2.496103
FIRE:   13 22:26:04    -1933.161176        2.114193
FIRE:   14 22:26:04    -1934.496524        2.060753
FIRE:   15 22:26:04    -1935.570757        2.255599
FIRE:   16 22:26:04    -1936.477148        2.152649
FIRE:   17 22:26:04    -1937.316322        1.897570
FIRE:   18 22:26:04    -1938.158769        1.790967
FIRE:   19 22:26:04    -1938.983258        1.517169
FIRE:   20 22:26:04    -1939.683438        1.705899
FIRE:   21 22:26:04    -1940.214640        1.530499
FIRE:   22 22:26:04    -1940.699446        1.381073
FIRE:   23 22:26:04    -1941.267643        1.309155
FIRE:   24 22:26:05    -1941.860499        1.199514
FIRE:   25 22:26:05    -1942.359492        1.132786
FIRE:   26 22:26:05    -1942.768994        1.029209
FIRE:   27 22:26:05    -1943.150064        0.911935
FIRE:   28 22:26:05    -1943.506489        0.856012
FIRE:   29 22:26:05    -1943.821334        0.868539
FIRE:   30 22:26:05    -1944.080397        0.766604
FIRE:   31 22:26:05    -1944.310004        0.805132
FIRE:   32 22:26:05    -1944.589920        0.755811
FIRE:   33 22:26:05    -1944.839067        0.573456
FIRE:   34 22:26:05    -1945.008694        0.715602
FIRE:   35 22:26:05    -1945.232504        0.593557
FIRE:   36 22:26:06    -1945.473205        0.509432
FIRE:   37 22:26:06    -1945.642515        0.619923
FIRE:   38 22:26:06    -1945.812655        0.676726
FIRE:   39 22:26:06    -1945.998010        0.491215
FIRE:   40 22:26:06    -1946.165244        0.524200
FIRE:   41 22:26:06    -1946.331508        0.490921
FIRE:   42 22:26:06    -1946.499715        0.515036
FIRE:   43 22:26:06    -1946.656818        0.474292
FIRE:   44 22:26:06    -1946.803696        0.468338
FIRE:   45 22:26:06    -1946.961560        0.447333
FIRE:   46 22:26:06    -1947.130730        0.541732
FIRE:   47 22:26:06    -1947.292310        0.413128
FIRE:   48 22:26:07    -1947.447256        0.541463
FIRE:   49 22:26:07    -1947.602765        0.392513
FIRE:   50 22:26:07    -1947.754658        0.417685
FIRE:   51 22:26:07    -1947.911822        0.463276
FIRE:   52 22:26:07    -1948.076935        0.328384
FIRE:   53 22:26:07    -1948.236267        0.350930
FIRE:   54 22:26:07    -1948.400173        0.372239
FIRE:   55 22:26:07    -1948.569710        0.311339
FIRE:   56 22:26:07    -1948.729764        0.333434
FIRE:   57 22:26:07    -1948.886708        0.365295
FIRE:   58 22:26:07    -1949.043194        0.367813
FIRE:   59 22:26:07    -1949.190703        0.322155
FIRE:   60 22:26:07    -1949.337737        0.339440
FIRE:   61 22:26:08    -1949.478836        0.341402
FIRE:   62 22:26:08    -1949.608766        0.358804
FIRE:   63 22:26:08    -1949.727223        0.335297
FIRE:   64 22:26:08    -1949.837700        0.268371
FIRE:   65 22:26:08    -1949.942870        0.237400
FIRE:   66 22:26:08    -1950.033033        0.271814
FIRE:   67 22:26:08    -1950.114834        0.241148
FIRE:   68 22:26:08    -1950.183357        0.232282
FIRE:   69 22:26:08    -1950.237461        0.228739
FIRE:   70 22:26:08    -1950.280248        0.247932
FIRE:   71 22:26:08    -1950.313951        0.224580
FIRE:   72 22:26:08    -1950.343602        0.228737
FIRE:   73 22:26:09    -1949.840779        1.647630
FIRE:   74 22:26:09    -1950.177065        1.327159
FIRE:   75 22:26:09    -1950.413877        0.643371
FIRE:   76 22:26:09    -1950.459375        0.403729
FIRE:   77 22:26:09    -1950.489832        0.125351
FIRE:   78 22:26:09    -1950.474820        0.353981
FIRE:   79 22:26:09    -1950.479264        0.321358
FIRE:   80 22:26:09    -1950.486625        0.259342
FIRE:   81 22:26:09    -1950.494402        0.174309
FIRE:   82 22:26:09    -1950.500183        0.114129
FIRE:   83 22:26:09    -1950.502711        0.113465
FIRE:   84 22:26:09    -1950.502897        0.158628
FIRE:   85 22:26:10    -1950.503131        0.155435
FIRE:   86 22:26:10    -1950.503603        0.149081
FIRE:   87 22:26:10    -1950.504257        0.139909
FIRE:   88 22:26:10    -1950.505085        0.130104
FIRE:   89 22:26:10    -1950.506025        0.121591
FIRE:   90 22:26:10    -1950.507040        0.112386
FIRE:   91 22:26:10    -1950.508080        0.109936
FIRE:   92 22:26:10    -1950.509243        0.109234
FIRE:   93 22:26:10    -1950.510497        0.108478
FIRE:   94 22:26:10    -1950.511880        0.107635
FIRE:   95 22:26:10    -1950.513418        0.106658
FIRE:   96 22:26:10    -1950.515268        0.105485
FIRE:   97 22:26:10    -1950.517612        0.105085
FIRE:   98 22:26:11    -1950.520657        0.104046
FIRE:   99 22:26:11    -1950.524502        0.101169
FIRE:  100 22:26:11    -1950.529110        0.097060
FIRE:  101 22:26:11    -1950.534356        0.093895
FIRE:  102 22:26:11    -1950.540230        0.091546
FIRE:  103 22:26:11    -1950.547116        0.090153
FIRE:  104 22:26:11    -1950.555441        0.086596
FIRE:  105 22:26:11    -1950.565040        0.081721
FIRE:  106 22:26:11    -1950.575479        0.079269
FIRE:  107 22:26:11    -1950.587280        0.075587
FIRE:  108 22:26:11    -1950.600477        0.067747
FIRE:  109 22:26:11    -1950.614279        0.065198
FIRE:  110 22:26:12    -1950.629241        0.055272
FIRE:  111 22:26:12    -1950.644287        0.062506
FIRE:  112 22:26:12    -1950.659761        0.046045
FIRE:  113 22:26:12    -1950.674735        0.048935
FIRE:  114 22:26:12    -1950.688651        0.061580
FIRE:  115 22:26:12    -1950.700700        0.084616
FIRE:  116 22:26:12    -1950.709462        0.170445
FIRE:  117 22:26:12    -1950.712524        0.053018
FIRE:  118 22:26:12    -1950.712364        0.093813
FIRE:  119 22:26:12    -1950.712817        0.075558
FIRE:  120 22:26:12    -1950.713470        0.045052
FIRE:  121 22:26:12    -1950.713988        0.040863
FIRE:  122 22:26:13    -1950.714251        0.040269
FIRE:  123 22:26:13    -1950.714426        0.065809
FIRE:  124 22:26:13    -1950.714783        0.075194
FIRE:  125 22:26:13    -1950.715443        0.066905
FIRE:  126 22:26:13    -1950.716377        0.040491
FIRE:  127 22:26:13    -1950.717298        0.036918
FIRE:  128 22:26:13    -1950.718094        0.037952
FIRE:  129 22:26:13    -1950.719144        0.046281
FIRE:  130 22:26:13    -1950.720705        0.032557
FIRE:  131 22:26:13    -1950.722306        0.030186
FIRE:  132 22:26:13    -1950.723952        0.052082
FIRE:  133 22:26:13    -1950.726197        0.029309
FIRE:  134 22:26:13    -1950.728307        0.039445
FIRE:  135 22:26:14    -1950.730949        0.029022
FIRE:  136 22:26:14    -1950.733398        0.057450
FIRE:  137 22:26:14    -1950.736495        0.030652
FIRE:  138 22:26:14    -1950.739381        0.032924
FIRE:  139 22:26:14    -1950.742123        0.069403
FIRE:  140 22:26:14    -1950.744787        0.093685
FIRE:  141 22:26:14    -1950.746066        0.030797
FIRE:  142 22:26:14    -1950.745732        0.072925
FIRE:  143 22:26:14    -1950.745959        0.059372
FIRE:  144 22:26:14    -1950.746282        0.035068
FIRE:  145 22:26:14    -1950.746497        0.030781
FIRE:  146 22:26:14    -1950.746510        0.030847
FIRE:  147 22:26:15    -1950.746530        0.030844
FIRE:  148 22:26:15    -1950.746558        0.030822
FIRE:  149 22:26:15    -1950.746591        0.030799
FIRE:  150 22:26:15    -1950.746631        0.030781
FIRE:  151 22:26:15    -1950.746675        0.030763
FIRE:  152 22:26:15    -1950.746727        0.030745
FIRE:  153 22:26:15    -1950.746769        0.030740
FIRE:  154 22:26:15    -1950.746817        0.030738
FIRE:  155 22:26:15    -1950.746878        0.030744
FIRE:  156 22:26:15    -1950.746957        0.030753
FIRE:  157 22:26:15    -1950.747068        0.030740
FIRE:  158 22:26:15    -1950.747203        0.030728
FIRE:  159 22:26:16    -1950.747366        0.030692
FIRE:  160 22:26:16    -1950.747561        0.030671
FIRE:  161 22:26:16    -1950.747788        0.030647
FIRE:  162 22:26:16    -1950.748069        0.030602
FIRE:  163 22:26:16    -1950.748410        0.030544
FIRE:  164 22:26:16    -1950.748821        0.030493
FIRE:  165 22:26:16    -1950.749306        0.030444
FIRE:  166 22:26:16    -1950.749883        0.030379
FIRE:  167 22:26:16    -1950.750572        0.030287
FIRE:  168 22:26:16    -1950.751376        0.030182
FIRE:  169 22:26:16    -1950.752350        0.030108
FIRE:  170 22:26:16    -1950.753465        0.030154
FIRE:  171 22:26:17    -1950.754803        0.030260
FIRE:  172 22:26:17    -1950.756386        0.030467
FIRE:  173 22:26:17    -1950.758262        0.031224
FIRE:  174 22:26:17    -1950.760506        0.033531
FIRE:  175 22:26:17    -1950.763011        0.047794
FIRE:  176 22:26:17    -1950.764891        0.098915
FIRE:  177 22:26:17    -1950.766604        0.038809
FIRE:  178 22:26:17    -1950.765590        0.091269
FIRE:  179 22:26:17    -1950.766155        0.071585
FIRE:  180 22:26:17    -1950.766788        0.045285
FIRE:  181 22:26:17    -1950.766984        0.037928
FIRE:  182 22:26:17    -1950.766995        0.037955
FIRE:  183 22:26:18    -1950.767017        0.038010
FIRE:  184 22:26:18    -1950.767041        0.038093
FIRE:  185 22:26:18    -1950.767074        0.038211
FIRE:  186 22:26:18    -1950.767113        0.038349
FIRE:  187 22:26:18    -1950.767171        0.038498
FIRE:  188 22:26:18    -1950.767199        0.038641
FIRE:  189 22:26:18    -1950.767260        0.038776
FIRE:  190 22:26:18    -1950.767331        0.038882
FIRE:  191 22:26:18    -1950.767429        0.038925
FIRE:  192 22:26:18    -1950.767546        0.038933
FIRE:  193 22:26:18    -1950.767696        0.038924
FIRE:  194 22:26:19    -1950.767875        0.038964
FIRE:  195 22:26:19    -1950.768098        0.039128
FIRE:  196 22:26:19    -1950.768369        0.039466
FIRE:  197 22:26:19    -1950.768711        0.040008
FIRE:  198 22:26:19    -1950.769146        0.040678
FIRE:  199 22:26:19    -1950.769683        0.041254
FIRE:  200 22:26:19    -1950.770342        0.041674
FIRE:  201 22:26:19    -1950.771175        0.042431
FIRE:  202 22:26:19    -1950.772217        0.043669
FIRE:  203 22:26:19    -1950.773549        0.045548
FIRE:  204 22:26:19    -1950.775225        0.046955
FIRE:  205 22:26:19    -1950.777389        0.049107
FIRE:  206 22:26:20    -1950.780211        0.052940
FIRE:  207 22:26:20    -1950.783931        0.055520
FIRE:  208 22:26:20    -1950.788909        0.062021
FIRE:  209 22:26:20    -1950.795614        0.068577
FIRE:  210 22:26:20    -1950.803770        0.090257
FIRE:  211 22:26:20    -1950.803122        0.301044
FIRE:  212 22:26:20    -1950.817717        0.097770
FIRE:  213 22:26:20    -1950.818234        0.087995
FIRE:  214 22:26:20    -1950.818829        0.085609
FIRE:  215 22:26:20    -1950.819229        0.085408
FIRE:  216 22:26:20    -1950.819608        0.090510
FIRE:  217 22:26:21    -1950.820334        0.091033
FIRE:  218 22:26:21    -1950.821435        0.086225
FIRE:  219 22:26:21    -1950.822604        0.086839
FIRE:  220 22:26:21    -1950.823793        0.089309
FIRE:  221 22:26:21    -1950.825393        0.090761
FIRE:  222 22:26:21    -1950.827704        0.090467
FIRE:  223 22:26:21    -1950.830392        0.092406
FIRE:  224 22:26:21    -1950.833796        0.095888
FIRE:  225 22:26:21    -1950.838409        0.095385
FIRE:  226 22:26:21    -1950.844043        0.099611
FIRE:  227 22:26:21    -1950.851707        0.104643
FIRE:  228 22:26:22    -1950.861558        0.113675
FIRE:  229 22:26:22    -1950.874642        0.116049
FIRE:  230 22:26:22    -1950.892320        0.128644
FIRE:  231 22:26:22    -1950.916015        0.160515
FIRE:  232 22:26:22    -1950.945622        0.221841
FIRE:  233 22:26:22    -1950.956654        0.681325
FIRE:  234 22:26:22    -1950.995483        0.184613
FIRE:  235 22:26:22    -1950.996456        0.175351
FIRE:  236 22:26:22    -1950.997925        0.165814
FIRE:  237 22:26:22    -1950.999508        0.169311
FIRE:  238 22:26:22    -1951.001383        0.184938
FIRE:  239 22:26:22    -1951.004015        0.188639
FIRE:  240 22:26:23    -1951.007470        0.177488
FIRE:  241 22:26:23    -1951.011398        0.169998
FIRE:  242 22:26:23    -1951.016072        0.176706
FIRE:  243 22:26:23    -1951.022087        0.180723
FIRE:  244 22:26:23    -1951.030078        0.177297
FIRE:  245 22:26:23    -1951.039969        0.181555
FIRE:  246 22:26:23    -1951.052446        0.189022
FIRE:  247 22:26:23    -1951.068664        0.185999
FIRE:  248 22:26:23    -1951.088968        0.194772
FIRE:  249 22:26:23    -1951.115340        0.196126
FIRE:  250 22:26:23    -1951.148894        0.200944
FIRE:  251 22:26:24    -1951.191801        0.211571
FIRE:  252 22:26:24    -1951.246506        0.217903
FIRE:  253 22:26:24    -1951.316071        0.242558
FIRE:  254 22:26:24    -1951.396518        0.327122
FIRE:  255 22:26:24    -1951.431455        0.625549
FIRE:  256 22:26:24    -1951.505258        0.193471
FIRE:  257 22:26:24    -1951.506148        0.192781
FIRE:  258 22:26:24    -1951.507838        0.191777
FIRE:  259 22:26:24    -1951.510227        0.190942
FIRE:  260 22:26:24    -1951.513292        0.190592
FIRE:  261 22:26:24    -1951.517120        0.190723
FIRE:  262 22:26:24    -1951.521704        0.191259
FIRE:  263 22:26:25    -1951.526974        0.192054
FIRE:  264 22:26:25    -1951.533521        0.192767
FIRE:  265 22:26:25    -1951.541640        0.192560
FIRE:  266 22:26:25    -1951.551781        0.190942
FIRE:  267 22:26:25    -1951.564237        0.188514
FIRE:  268 22:26:25    -1951.579415        0.185568
FIRE:  269 22:26:25    -1951.597912        0.181638
FIRE:  270 22:26:25    -1951.620029        0.175077
FIRE:  271 22:26:25    -1951.646299        0.164108
FIRE:  272 22:26:25    -1951.676756        0.153840
FIRE:  273 22:26:25    -1951.711160        0.140937
FIRE:  274 22:26:26    -1951.748247        0.121792
FIRE:  275 22:26:26    -1951.785014        0.104897
FIRE:  276 22:26:26    -1951.812619        0.163400
FIRE:  277 22:26:26    -1951.802117        0.421469
FIRE:  278 22:26:26    -1951.841264        0.059236
FIRE:  279 22:26:26    -1951.812357        0.381795
FIRE:  280 22:26:26    -1951.825344        0.291894
FIRE:  281 22:26:26    -1951.839924        0.133486
FIRE:  282 22:26:26    -1951.843431        0.056933
FIRE:  283 22:26:26    -1951.843547        0.056656
FIRE:  284 22:26:26    -1951.843756        0.056107
FIRE:  285 22:26:27    -1951.844034        0.055371
FIRE:  286 22:26:27    -1951.844329        0.054526
FIRE:  287 22:26:27    -1951.844614        0.053674
FIRE:  288 22:26:27    -1951.844877        0.052860
FIRE:  289 22:26:27    -1951.845113        0.053433
FIRE:  290 22:26:27    -1951.845378        0.054164
FIRE:  291 22:26:27    -1951.845718        0.054536
FIRE:  292 22:26:27    -1951.846188        0.054087
FIRE:  293 22:26:27    -1951.846822        0.052497
FIRE:  294 22:26:27    -1951.847614        0.049866
FIRE:  295 22:26:27    -1951.848517        0.046867
FIRE:  296 22:26:27    -1951.849501        0.045662
FIRE:  297 22:26:28    -1951.850657        0.044066
FIRE:  298 22:26:28    -1951.852129        0.041531
FIRE:  299 22:26:28    -1951.853861        0.038100
FIRE:  300 22:26:28    -1951.855744        0.036600
FIRE:  301 22:26:28    -1951.857977        0.033345
FIRE:  302 22:26:28    -1951.860606        0.027751
FIRE:  303 22:26:28    -1951.863488        0.032549
FIRE:  304 22:26:28    -1951.866907        0.031499
FIRE:  305 22:26:28    -1951.870626        0.036040
FIRE:  306 22:26:28    -1951.874928        0.034632
FIRE:  307 22:26:28    -1951.879666        0.033569
FIRE:  308 22:26:29    -1951.884740        0.035415
FIRE:  309 22:26:29    -1951.889660        0.048113
FIRE:  310 22:26:29    -1951.893309        0.096217
FIRE:  311 22:26:29    -1951.895368        0.025832
FIRE:  312 22:26:29    -1951.894474        0.072572
FIRE:  313 22:26:29    -1951.894921        0.057844
FIRE:  314 22:26:29    -1951.895487        0.031366
FIRE:  315 22:26:29    -1951.895768        0.021519
FIRE:  316 22:26:29    -1951.895685        0.030475
FIRE:  317 22:26:29    -1951.895705        0.028907
FIRE:  318 22:26:29    -1951.895745        0.026933
FIRE:  319 22:26:29    -1951.895811        0.025676
FIRE:  320 22:26:30    -1951.895874        0.024234
FIRE:  321 22:26:30    -1951.895933        0.022818
FIRE:  322 22:26:30    -1951.895993        0.021604
FIRE:  323 22:26:30    -1951.896032        0.021151
FIRE:  324 22:26:30    -1951.896068        0.022065
FIRE:  325 22:26:30    -1951.896111        0.022968
FIRE:  326 22:26:30    -1951.896174        0.023507
FIRE:  327 22:26:30    -1951.896270        0.023384
FIRE:  328 22:26:30    -1951.896406        0.022449
FIRE:  329 22:26:30    -1951.896554        0.020889
FIRE:  330 22:26:30    -1951.896739        0.020068
FIRE:  331 22:26:31    -1951.896920        0.021025
FIRE:  332 22:26:31    -1951.897148        0.021306
FIRE:  333 22:26:31    -1951.897460        0.020013
FIRE:  334 22:26:31    -1951.897823        0.017861
FIRE:  335 22:26:31    -1951.898218        0.018776
FIRE:  336 22:26:31    -1951.898711        0.017722
FIRE:  337 22:26:31    -1951.899310        0.015981
FIRE:  338 22:26:31    -1951.899964        0.016335
FIRE:  339 22:26:31    -1951.900769        0.013245
FIRE:  340 22:26:31    -1951.901660        0.013558
FIRE:  341 22:26:31    -1951.902696        0.011712
FIRE:  342 22:26:31    -1951.903861        0.009306
FIRE:  343 22:26:32    -1951.905133        0.009589
FIRE:  344 22:26:32    -1951.906413        0.020832
FIRE:  345 22:26:32    -1951.907359        0.046431
FIRE:  346 22:26:32    -1951.907914        0.008057
FIRE:  347 22:26:32    -1951.907644        0.036906
FIRE:  348 22:26:32    -1951.907777        0.029157
FIRE:  349 22:26:32    -1951.907938        0.015429
FIRE:  350 22:26:32    -1951.908024        0.006468
FIRE:  351 22:26:32    -1951.907970        0.016034
FIRE:  352 22:26:32    -1951.907996        0.015189
FIRE:  353 22:26:32    -1951.908010        0.013531
FIRE:  354 22:26:33    -1951.908021        0.011236
FIRE:  355 22:26:33    -1951.908045        0.008480
FIRE:  356 22:26:33    -1951.908062        0.006894
FIRE:  357 22:26:33    -1951.908080        0.006382
FIRE:  358 22:26:33    -1951.908091        0.006204
FIRE:  359 22:26:33    -1951.908094        0.006809
FIRE:  360 22:26:33    -1951.908105        0.007576
FIRE:  361 22:26:33    -1951.908131        0.008603
FIRE:  362 22:26:33    -1951.908151        0.008402
FIRE:  363 22:26:33    -1951.908190        0.007277
FIRE:  364 22:26:33    -1951.908233        0.006227
FIRE:  365 22:26:34    -1951.908285        0.006115
FIRE:  366 22:26:34    -1951.908333        0.006853
FIRE:  367 22:26:34    -1951.908400        0.007292
FIRE:  368 22:26:34    -1951.908473        0.006276
FIRE:  369 22:26:34    -1951.908588        0.005581
FIRE:  370 22:26:34    -1951.908691        0.006633
FIRE:  371 22:26:34    -1951.908836        0.006161
FIRE:  372 22:26:34    -1951.909001        0.005587
FIRE:  373 22:26:34    -1951.909191        0.006254
FIRE:  374 22:26:34    -1951.909416        0.005337
FIRE:  375 22:26:34    -1951.909680        0.006226
FIRE:  376 22:26:35    -1951.909972        0.005965
FIRE:  377 22:26:35    -1951.910314        0.005027
FIRE:  378 22:26:35    -1951.910692        0.005101
FIRE:  379 22:26:35    -1951.911091        0.007505
FIRE:  380 22:26:35    -1951.911403        0.020559
FIRE:  381 22:26:35    -1951.911101        0.050789
FIRE:  382 22:26:35    -1951.911949        0.003658
FIRE:  383 22:26:35    -1951.911946        0.003440
FIRE:  384 22:26:35    -1951.911952        0.003246
FIRE:  385 22:26:35    -1951.911956        0.003190
FIRE:  386 22:26:35    -1951.911966        0.003159
FIRE:  387 22:26:35    -1951.911969        0.003212
FIRE:  388 22:26:36    -1951.911975        0.003140
FIRE:  389 22:26:36    -1951.911994        0.003140
FIRE:  390 22:26:36    -1951.912003        0.003175
FIRE:  391 22:26:36    -1951.912022        0.003204
FIRE:  392 22:26:36    -1951.912041        0.003185
FIRE:  393 22:26:36    -1951.912061        0.003094
FIRE:  394 22:26:36    -1951.912094        0.003020
FIRE:  395 22:26:36    -1951.912132        0.002982
FIRE:  396 22:26:36    -1951.912182        0.003006
FIRE:  397 22:26:36    -1951.912236        0.002922
FIRE:  398 22:26:36    -1951.912303        0.002743
FIRE:  399 22:26:37    -1951.912370        0.002694
FIRE:  400 22:26:37    -1951.912455        0.002559
FIRE:  401 22:26:37    -1951.912547        0.002344
FIRE:  402 22:26:37    -1951.912643        0.004577
FIRE:  403 22:26:37    -1951.912713        0.014801
FIRE:  404 22:26:37    -1951.912759        0.001878
FIRE:  405 22:26:37    -1951.912729        0.013080
FIRE:  406 22:26:37    -1951.912745        0.009987
FIRE:  407 22:26:37    -1951.912764        0.004524
FIRE:  408 22:26:37    -1951.912765        0.002195
FIRE:  409 22:26:37    -1951.912768        0.002137
FIRE:  410 22:26:37    -1951.912763        0.002040
FIRE:  411 22:26:38    -1951.912766        0.001880
FIRE:  412 22:26:38    -1951.912772        0.001873
FIRE:  413 22:26:38    -1951.912770        0.001893
FIRE:  414 22:26:38    -1951.912781        0.001898
FIRE:  415 22:26:38    -1951.912774        0.001926
FIRE:  416 22:26:38    -1951.912777        0.001941
FIRE:  417 22:26:38    -1951.912781        0.001958
FIRE:  418 22:26:38    -1951.912773        0.001954
FIRE:  419 22:26:38    -1951.912781        0.001950
FIRE:  420 22:26:38    -1951.912779        0.001920
FIRE:  421 22:26:38    -1951.912781        0.001883
FIRE:  422 22:26:38    -1951.912790        0.001860
FIRE:  423 22:26:39    -1951.912794        0.001848
FIRE:  424 22:26:39    -1951.912798        0.001841
FIRE:  425 22:26:39    -1951.912807        0.001862
FIRE:  426 22:26:39    -1951.912813        0.001881
FIRE:  427 22:26:39    -1951.912817        0.001851
FIRE:  428 22:26:39    -1951.912838        0.001795
FIRE:  429 22:26:39    -1951.912844        0.001751
FIRE:  430 22:26:39    -1951.912860        0.001757
FIRE:  431 22:26:39    -1951.912880        0.001726
FIRE:  432 22:26:39    -1951.912905        0.001623
FIRE:  433 22:26:39    -1951.912930        0.001588
FIRE:  434 22:26:40    -1951.912952        0.001510
FIRE:  435 22:26:40    -1951.912993        0.001609
FIRE:  436 22:26:40    -1951.913024        0.003841
FIRE:  437 22:26:40    -1951.913038        0.010509
FIRE:  438 22:26:40    -1951.913066        0.001158
FIRE:  439 22:26:40    -1951.913027        0.009574
FIRE:  440 22:26:40    -1951.913047        0.007257
FIRE:  441 22:26:40    -1951.913062        0.003175
FIRE:  442 22:26:40    -1951.913060        0.001706
FIRE:  443 22:26:40    -1951.913062        0.001617
FIRE:  444 22:26:40    -1951.913062        0.001443
FIRE:  445 22:26:40    -1951.913056        0.001275
FIRE:  446 22:26:41    -1951.913066        0.001140
FIRE:  447 22:26:41    -1951.913069        0.001136
FIRE:  448 22:26:41    -1951.913067        0.001139
FIRE:  449 22:26:41    -1951.913073        0.001143
FIRE:  450 22:26:41    -1951.913058        0.001154
FIRE:  451 22:26:41    -1951.913065        0.001165
FIRE:  452 22:26:41    -1951.913055        0.001164
FIRE:  453 22:26:41    -1951.913074        0.001159
FIRE:  454 22:26:41    -1951.913067        0.001138
FIRE:  455 22:26:41    -1951.913065        0.001117
FIRE:  456 22:26:41    -1951.913071        0.001114
FIRE:  457 22:26:42    -1951.913066        0.001111
FIRE:  458 22:26:42    -1951.913069        0.001101
FIRE:  459 22:26:42    -1951.913074        0.001102
FIRE:  460 22:26:42    -1951.913072        0.001098
FIRE:  461 22:26:42    -1951.913069        0.001094
FIRE:  462 22:26:42    -1951.913080        0.001060
FIRE:  463 22:26:42    -1951.913078        0.001033
FIRE:  464 22:26:42    -1951.913077        0.001024
FIRE:  465 22:26:42    -1951.913088        0.001001
FIRE:  466 22:26:42    -1951.913101        0.000963
