      Step     Time          Energy          fmax
FIRE:    0 18:44:54      -14.380053        0.525884
FIRE:    1 18:45:04      -14.383503        0.416227
FIRE:    2 18:45:23      -14.387381        0.224270
FIRE:    3 18:45:23      -14.388468        0.092533
FIRE:    4 18:45:29      -14.388510        0.088260
FIRE:    5 18:45:29      -14.388586        0.079920
FIRE:    6 18:45:29      -14.388682        0.067947
FIRE:    7 18:45:29      -14.388782        0.052964
FIRE:    8 18:45:29      -14.388868        0.035818
FIRE:    9 18:45:29      -14.388930        0.031284
FIRE:   10 18:45:30      -14.388961        0.035359
FIRE:   11 18:45:30      -14.388967        0.035062
FIRE:   12 18:45:30      -14.388968        0.034528
FIRE:   13 18:45:30      -14.388971        0.033473
FIRE:   14 18:45:30      -14.388974        0.031907
FIRE:   15 18:45:30      -14.388979        0.029855
FIRE:   16 18:45:30      -14.388984        0.027362
FIRE:   17 18:45:30      -14.388988        0.024461
FIRE:   18 18:45:30      -14.388994        0.021208
FIRE:   19 18:45:30      -14.388998        0.017259
FIRE:   20 18:45:30      -14.389002        0.012557
FIRE:   21 18:45:30      -14.389005        0.007125
